== state start 2026-10-02T10:32:51.818Z
boot_id 9bb646d3-9c5a-47e4-b3a1-16ebeef33fcf uname 7.1.13-3-1-ARCH up 2184.96
module 90b800c 4FE12EFABEDAACF4DF38AA8 584e7ac2b06069b5
trace_td N
fw_perf_mode N
call_settle_us 1000
bo_total_bytes 511852544
load 0.01 0.03 0.02 psi some avg10=0.00 avg60=0.00 avg300=0.00 total=1463064
esp 62ba301084714634
dmesg_bad 0 dmesg_lines 1299
no ane-run
== E1 p6_conv64 blocks 10:32:51
01	5.517	5.547	0.01 0.00 0	golden max_abs=inf relL2=inf exact=0
02	5.498	5.533	0.01 0.00 0	golden max_abs=inf relL2=inf exact=0
03	5.468	5.544	0.09 0.00 0	golden max_abs=inf relL2=inf exact=0
04	5.478	5.535	0.09 0.00 0	golden max_abs=inf relL2=inf exact=0
05	5.492	5.526	0.09 0.00 0	golden max_abs=inf relL2=inf exact=0
06	5.498	5.524	0.09 0.00 0	golden max_abs=inf relL2=inf exact=0
07	5.474	5.539	0.09 0.00 0	golden max_abs=inf relL2=inf exact=0
08	5.482	5.524	0.09 0.00 0	golden max_abs=inf relL2=inf exact=0
09	5.483	5.524	0.09 0.00 0	golden max_abs=inf relL2=inf exact=0
10	5.495	5.524	0.09 0.00 0	golden max_abs=inf relL2=inf exact=0
11	5.480	5.529	0.09 0.00 0	golden max_abs=inf relL2=inf exact=0
12	5.486	5.537	0.09 0.00 0	golden max_abs=inf relL2=inf exact=0
13	5.475	5.548	0.09 0.00 0	golden max_abs=inf relL2=inf exact=0
14	5.481	5.516	0.09 0.00 0	golden max_abs=inf relL2=inf exact=0
15	5.488	5.526	0.09 0.00 0	golden max_abs=inf relL2=inf exact=0
16	5.482	5.547	0.09 0.00 0	golden max_abs=inf relL2=inf exact=0
17	5.484	5.512	0.09 0.00 0	golden max_abs=inf relL2=inf exact=0
18	5.483	5.529	0.09 0.00 0	golden max_abs=inf relL2=inf exact=0
19	5.498	5.523	0.09 0.00 0	golden max_abs=inf relL2=inf exact=0
20	5.511	5.514	0.09 0.00 0	golden max_abs=inf relL2=inf exact=0
== E1 p7_add32m blocks 10:32:56
01	4.126	4.194	0.09 0.00 0	golden inputs by name; run B swaps the files of x and z. A predicts rel L2 <= 0.02 on every output, B predicts more unless the graph is symmetric in the two (check with the fp16 MIL re-evaluation of the swap first)'}
02	4.128	4.169	0.09 0.00 0	golden inputs by name; run B swaps the files of x and z. A predicts rel L2 <= 0.02 on every output, B predicts more unless the graph is symmetric in the two (check with the fp16 MIL re-evaluation of the swap first)'}
03	4.130	4.196	0.09 0.00 0	golden inputs by name; run B swaps the files of x and z. A predicts rel L2 <= 0.02 on every output, B predicts more unless the graph is symmetric in the two (check with the fp16 MIL re-evaluation of the swap first)'}
04	4.134	4.191	0.16 0.00 0	golden inputs by name; run B swaps the files of x and z. A predicts rel L2 <= 0.02 on every output, B predicts more unless the graph is symmetric in the two (check with the fp16 MIL re-evaluation of the swap first)'}
05	4.129	4.133	0.16 0.00 0	golden inputs by name; run B swaps the files of x and z. A predicts rel L2 <= 0.02 on every output, B predicts more unless the graph is symmetric in the two (check with the fp16 MIL re-evaluation of the swap first)'}
06	4.135	4.163	0.16 0.00 0	golden inputs by name; run B swaps the files of x and z. A predicts rel L2 <= 0.02 on every output, B predicts more unless the graph is symmetric in the two (check with the fp16 MIL re-evaluation of the swap first)'}
07	4.128	4.168	0.16 0.00 0	golden inputs by name; run B swaps the files of x and z. A predicts rel L2 <= 0.02 on every output, B predicts more unless the graph is symmetric in the two (check with the fp16 MIL re-evaluation of the swap first)'}
08	4.137	4.156	0.16 0.00 0	golden inputs by name; run B swaps the files of x and z. A predicts rel L2 <= 0.02 on every output, B predicts more unless the graph is symmetric in the two (check with the fp16 MIL re-evaluation of the swap first)'}
09	4.134	4.189	0.16 0.00 0	golden inputs by name; run B swaps the files of x and z. A predicts rel L2 <= 0.02 on every output, B predicts more unless the graph is symmetric in the two (check with the fp16 MIL re-evaluation of the swap first)'}
10	4.128	4.172	0.16 0.00 0	golden inputs by name; run B swaps the files of x and z. A predicts rel L2 <= 0.02 on every output, B predicts more unless the graph is symmetric in the two (check with the fp16 MIL re-evaluation of the swap first)'}
11	4.139	4.178	0.16 0.00 0	golden inputs by name; run B swaps the files of x and z. A predicts rel L2 <= 0.02 on every output, B predicts more unless the graph is symmetric in the two (check with the fp16 MIL re-evaluation of the swap first)'}
12	4.129	4.197	0.16 0.00 0	golden inputs by name; run B swaps the files of x and z. A predicts rel L2 <= 0.02 on every output, B predicts more unless the graph is symmetric in the two (check with the fp16 MIL re-evaluation of the swap first)'}
13	4.132	4.160	0.16 0.00 0	golden inputs by name; run B swaps the files of x and z. A predicts rel L2 <= 0.02 on every output, B predicts more unless the graph is symmetric in the two (check with the fp16 MIL re-evaluation of the swap first)'}
14	4.137	4.162	0.16 0.00 0	golden inputs by name; run B swaps the files of x and z. A predicts rel L2 <= 0.02 on every output, B predicts more unless the graph is symmetric in the two (check with the fp16 MIL re-evaluation of the swap first)'}
15	4.122	4.167	0.23 0.00 0	golden inputs by name; run B swaps the files of x and z. A predicts rel L2 <= 0.02 on every output, B predicts more unless the graph is symmetric in the two (check with the fp16 MIL re-evaluation of the swap first)'}
16	4.135	4.158	0.23 0.00 0	golden inputs by name; run B swaps the files of x and z. A predicts rel L2 <= 0.02 on every output, B predicts more unless the graph is symmetric in the two (check with the fp16 MIL re-evaluation of the swap first)'}
17	4.140	4.175	0.23 0.00 0	golden inputs by name; run B swaps the files of x and z. A predicts rel L2 <= 0.02 on every output, B predicts more unless the graph is symmetric in the two (check with the fp16 MIL re-evaluation of the swap first)'}
18	4.128	4.155	0.23 0.00 0	golden inputs by name; run B swaps the files of x and z. A predicts rel L2 <= 0.02 on every output, B predicts more unless the graph is symmetric in the two (check with the fp16 MIL re-evaluation of the swap first)'}
19	4.134	4.155	0.23 0.00 0	golden inputs by name; run B swaps the files of x and z. A predicts rel L2 <= 0.02 on every output, B predicts more unless the graph is symmetric in the two (check with the fp16 MIL re-evaluation of the swap first)'}
20	4.120	4.195	0.23 0.00 0	golden inputs by name; run B swaps the files of x and z. A predicts rel L2 <= 0.02 on every output, B predicts more unless the graph is symmetric in the two (check with the fp16 MIL re-evaluation of the swap first)'}
trace_td param not writable at runtime: skipping trace blocks
== state end 2026-10-02T10:33:05.141Z
boot_id 9bb646d3-9c5a-47e4-b3a1-16ebeef33fcf uname 7.1.13-3-1-ARCH up 2198.29
module 90b800c 4FE12EFABEDAACF4DF38AA8 584e7ac2b06069b5
trace_td N
fw_perf_mode N
call_settle_us 1000
bo_total_bytes 614907904
load 0.23 0.07 0.04 psi some avg10=0.00 avg60=0.00 avg300=0.00 total=1498474
esp 62ba301084714634
dmesg_bad 0 dmesg_lines 1299
no ane-run
dmesg new 0 non-UFW 0
== s1 done /var/tmp/gapwin/runs/s1-20261002T103251Z
