1.0 59.6 6400
1.3 59.5 6800
1.5 60.0 7200
1.8 59.3 9600
2.0 58.3 10000
2.3 57.4 10400
2.5 56.7 10800
2.8 55.8 11200
3.0 55.0 11200
3.3 54.6 11200
3.5 53.9 11200
3.8 53.4 11200
4.0 52.9 11200
4.3 52.3 11200
4.5 51.9 11200
4.8 51.4 11200
5.0 50.9 11200
5.3 50.5 11200
5.5 50.2 11200
5.8 49.8 11200
6.0 49.5 11200
6.3 49.2 11200
6.5 48.9 11200
6.8 48.7 11200
7.0 48.4 11200
7.3 48.2 11200
7.5 48.0 11200
7.8 47.8 11200
8.0 47.9 11200
8.3 48.0 11200
8.5 48.0 11200
8.8 47.9 11200
9.0 47.9 11200
9.3 47.8 11200
9.5 47.7 11200
9.8 47.6 11200
10.0 47.4 11200
10.3 47.2 11200
10.5 47.0 11200
10.8 46.8 11200
11.0 46.7 11200
11.3 46.6 11200
11.5 46.5 11200
11.8 46.4 11200
12.0 46.3 11200
12.3 46.2 11200
12.5 46.2 11200
12.8 46.1 11200
13.0 46.2 11200
13.3 46.2 11200
13.5 46.2 11200
13.8 46.2 11200
14.0 46.1 11200
14.3 46.0 11200
14.5 46.0 11200
14.8 46.0 11200
15.0 45.9 11200
15.3 45.8 11200
15.5 45.8 11200
15.8 45.7 11200
16.0 45.7 11200
16.3 45.6 11200
16.5 45.6 11200
16.8 45.5 11200
17.0 45.5 11200
17.3 45.4 11200
17.5 45.4 11200
17.8 45.3 11200
18.0 45.3 11200
18.3 45.3 11200
18.5 45.2 11200
18.8 45.2 11200
19.0 45.1 11200
19.3 45.1 11200
19.5 45.0 11200
19.8 45.0 11200
20.0 44.9 11200
20.3 44.8 11200
20.5 44.8 11200
20.8 44.8 11200
21.0 44.7 11200
21.3 44.7 11200
21.5 44.7 11200
21.8 44.7 11200
22.0 44.7 11200
22.3 44.6 11200
22.5 44.7 11200
22.8 44.7 11200
