== state start 2026-10-02T01:05:48.307Z P
boot_id ea7503c1-4aa1-442e-a681-531587cc2fd3 uname 7.1.13-3-1-ARCH up 21.98
module 0.4.0-main-b6ef8f1 6783D1DE1FAE8D064F84FD0 file af2cee6c3962e642d3de485131a118b71852c9d215503757efa626795a9b3b7a  /lib/modules/7.1.13-3-1-ARCH/updates/ane_t6021.ko
fw_alias_reserved N
fw_extra_ram 2097152
fw_load Y
fw_start Y
call_settle_us 1000
bo_total_bytes 0
bo_total_max_mb 12288
modprobe.d: hid_apple.conf netconsole.conf 
dmesg_bad 0 dmesg_lines 1186
irq 53: cpu-sum 0 285408000.mailbox-recv
irq 54: cpu-sum 0 285408000.mailbox-send
no ane-run
 20:05:48 up 0 min,  1 user,  load average: 0.28, 0.06, 0.02
omarchy-ane-check: kernel 7.1.13-3-1-ARCH
  ok    ANE firmware: /usr/lib/firmware/apple/ane/t602x_ane0_fw_selene_rc4x.macho matches the pin
  ok    ANE device-tree node: apple,t6021-ane (DTB has node: omarchy-ane overlay)
  ok    ane_t6021.ko built for 7.1.13-3-1-ARCH: //lib/modules/7.1.13-3-1-ARCH/updates/ane_t6021.ko (version 0.4.0-main-b6ef8f1)
  ok    ane_t6021 is loaded (version 0.4.0-main-b6ef8f1)
  ok    ane_t6021 is bound to 284000000.ane
  ok    /dev/accel/accel0 present (crw-rw-rw- root:render); every user can open it
omarchy-ane-check: ready
omarchy-ane-check rc=0
node=present source=overlay dtb=t6021-j414c.dtb kernel=7.1.13-3-1-ARCH path=/soc/ane@284000000
omarchy-ane-dt status rc=0
/usr/lib/firmware/apple/ane/t602x_ane0_fw_selene_rc4x.macho matches the pin
firmware-fetch --check rc=0
== 1. gates 01:05:48
gate add rc=0 GATE PASS 
gate mul rc=0 GATE PASS 
gate relu rc=0 GATE PASS 
gate add-scalar rc=0 GATE PASS 
gate mul-scalar rc=0 GATE PASS 
gate real-div-scalar rc=0 GATE PASS 
gate clip-low rc=0 GATE PASS 
gate clip-high rc=0 GATE PASS 
gate matvec5120 rc=0 GATE PASS matvec M=1 K=2048 N=5120: 5120/5120 lanes within 2 ulp or 4 cond-units (5120 bit-exact), max 0.000 ulp, max 0.187 cond-units; padding lanes zero: PASS
gate island-c-pv rc=0 GATE PASS seeds_pass=4
gate island-a-kt rc=0 GATE PASS seeds_pass=4
gate island-a-attn-p1 rc=0 GATE PASS seeds_pass=4
gate island-b-select-runtime rc=0 GATE PASS seeds_pass=4
gate island-b-select-constfill rc=0 GATE PASS seeds_pass=4
gate rms-c2048-gamma rc=0 GATE PASS seeds_pass=4
== 2. prog_020 01:05:55
prog_020 rc=0 exec ms over 1 calls: min 4.875 p10 4.875 p25 4.875 median 4.875 p75 4.875 p90 4.875 p99 4.875 max 4.875 t15 golden max_abs=0.0007324219 relL2=0.001174227 exact=0.172852 
== 3. encoder, one process, 20 calls 01:05:55
encoder rc=0 exec ms over 20 calls: min 254.207 p10 254.215 p25 254.249 median 254.318 p75 254.410 p90 254.431 p99 254.438 max 254.438 linear_217_cast_fp16 golden max_abs=0 relL2=0 exact=1  sha16 fca96f1355485ec3e72f314c9e44f72c968f8eb2b88e101043a818114a752063
== 4. burst 60 s 01:06:01
burst rc=0 w1 runs=3210 pass=3210 fail=0 w2 runs=3209 pass=3209 fail=0 w3 runs=3232 pass=3232 fail=0 w4 runs=3209 pass=3209 fail=0 exact lines: 12860 new ANE/mailbox dmesg lines: 0 bad dmesg lines (whole boot): 0 
== state end 2026-10-02T01:07:01.055Z P
boot_id ea7503c1-4aa1-442e-a681-531587cc2fd3 uname 7.1.13-3-1-ARCH up 94.72
module 0.4.0-main-b6ef8f1 6783D1DE1FAE8D064F84FD0 file af2cee6c3962e642d3de485131a118b71852c9d215503757efa626795a9b3b7a  /lib/modules/7.1.13-3-1-ARCH/updates/ane_t6021.ko
fw_alias_reserved N
fw_extra_ram 2097152
fw_load Y
fw_start Y
call_settle_us 1000
bo_total_bytes 655228928
bo_total_max_mb 12288
modprobe.d: hid_apple.conf netconsole.conf 
dmesg_bad 0 dmesg_lines 1189
irq 53: cpu-sum 0 285408000.mailbox-recv
irq 54: cpu-sum 0 285408000.mailbox-send
no ane-run
 20:07:01 up 1 min,  1 user,  load average: 2.78, 0.84, 0.29
dmesg new lines 3, non-UFW 0, bad new 0, bad whole boot 0, refusing whole boot 0
== window done 01:07:01 /var/tmp/ownmem/win-P-20261002T010548Z
