== state start 2026-10-02T10:16:54.088Z
boot_id 9bb646d3-9c5a-47e4-b3a1-16ebeef33fcf uname 7.1.13-3-1-ARCH up 1227.23
module 90b800c 4FE12EFABEDAACF4DF38AA8 584e7ac2b06069b5
trace_td N
fw_perf_mode N
call_settle_us 1000
bo_total_bytes 0
load 0.00 0.00 0.00 psi some avg10=0.00 avg60=0.00 avg300=0.00 total=441346
esp 62ba301084714634
dmesg_bad 0 dmesg_lines 1251
no ane-run
01	254.291	254.440	0.00 0.00 0	golden max_abs=0 relL2=0 exact=1
02	254.295	254.394	0.08 0.00 0	golden max_abs=0 relL2=0 exact=1
03	254.302	254.417	0.09 0.00 30	golden max_abs=0 relL2=0 exact=1
04	254.323	254.441	0.16 0.00 0	golden max_abs=0 relL2=0 exact=1
05	254.302	254.429	0.12 0.00 40	golden max_abs=0 relL2=0 exact=1
06	254.260	254.368	0.19 0.00 0	golden max_abs=0 relL2=0 exact=1
07	254.291	254.433	0.25 0.00 0	golden max_abs=0 relL2=0 exact=1
08	254.294	254.397	0.16 0.00 40	golden max_abs=0 relL2=0 exact=1
09	254.312	254.407	0.14 0.00 30	golden max_abs=0 relL2=0 exact=1
10	254.263	254.440	0.14 0.00 0	golden max_abs=0 relL2=0 exact=1
11	254.278	254.429	0.12 0.00 30	golden max_abs=0 relL2=0 exact=1
12	254.275	254.365	0.19 0.00 0	golden max_abs=0 relL2=0 exact=1
13	254.268	254.412	0.26 0.00 0	golden max_abs=0 relL2=0 exact=1
14	254.284	254.412	0.19 0.00 30	golden max_abs=0 relL2=0 exact=1
15	254.318	254.384	0.15 0.00 30	golden max_abs=0 relL2=0 exact=1
16	254.286	254.409	0.13 0.00 30	golden max_abs=0 relL2=0 exact=1
17	254.269	254.411	0.12 0.00 30	golden max_abs=0 relL2=0 exact=1
18	254.313	254.394	0.19 0.00 0	golden max_abs=0 relL2=0 exact=1
19	254.311	254.376	0.13 0.00 40	golden max_abs=0 relL2=0 exact=1
20	254.299	254.431	0.12 0.00 30	golden max_abs=0 relL2=0 exact=1
== state end 2026-10-02T10:24:29.233Z
boot_id 9bb646d3-9c5a-47e4-b3a1-16ebeef33fcf uname 7.1.13-3-1-ARCH up 1682.38
module 90b800c 4FE12EFABEDAACF4DF38AA8 584e7ac2b06069b5
trace_td N
fw_perf_mode N
call_settle_us 1000
bo_total_bytes 511852544
load 0.19 0.15 0.07 psi some avg10=0.00 avg60=0.04 avg300=0.00 total=1326677
esp 62ba301084714634
dmesg_bad 0 dmesg_lines 1273
no ane-run
dmesg new 22 non-UFW 0
== s0 done /var/tmp/gapwin/runs/s0-20261002T101654Z
