== state start 2026-10-01T19:26:44.733Z arm B
boot_id 39b103d8-22ea-496b-8618-2638305cbe11 uname 7.1.13-3-1-ARCH up 2497.40
module 0.4.0 1FEE1B2BCF064C6109E1904 54c1da562f869797
fw_start Y
trace_td N
fw_perf_mode N
call_settle_us 1000
bo_total_bytes 842858496
bo_total_max_mb 12288
hid_apple.conf netconsole.conf 
governor schedutil
dmesg_bad 0 dmesg_lines 3164
 53: 0 0 0 0 0 0 0 0 0 0 0 0 AIC2 66420 Level 285408000.mailbox-recv
 54: 0 0 0 0 0 0 0 0 0 0 0 0 AIC2 67369 Level 285408000.mailbox-send
no ane-run
 14:26:44 up 41 min, 15 users,  load average: 3.82, 2.43, 1.33
== 1. gates 19:26:44
gate add rc=1 GATE FAIL
STOP after /var/tmp/dart/run-B-20261001T192644Z/gate-add.log: rc=1
[ 2497.508300] apple-dart 285820000.iommu: translation fault: status:0x900c0008 stream:0 code:0x8 (NO PTE FOR IOVA) at 0x9f9c0000
[ 2497.508310] apple-dart 285810000.iommu: translation fault: status:0x800c0008 stream:0 code:0x8 (NO PTE FOR IOVA) at 0x9f990000
[ 2497.508316] apple-dart 285820000.iommu: translation fault: status:0x900c0008 stream:0 code:0x8 (NO PTE FOR IOVA) at 0x9f9c0d00
[ 2497.508318] apple-dart 285810000.iommu: translation fault: status:0x800c0008 stream:0 code:0x8 (NO PTE FOR IOVA) at 0x9f9910c0
[ 2497.508322] apple-dart 285820000.iommu: translation fault: status:0x900c0008 stream:0 code:0x8 (NO PTE FOR IOVA) at 0x9f9c1380
[ 2497.508325] apple-dart 285810000.iommu: translation fault: status:0x800c0008 stream:0 code:0x8 (NO PTE FOR IOVA) at 0x9f991640
[ 2497.508329] apple-dart 285820000.iommu: translation fault: status:0x900c0008 stream:0 code:0x8 (NO PTE FOR IOVA) at 0x9f9c18c0
[ 2497.508331] apple-dart 285810000.iommu: translation fault: status:0x800c0008 stream:0 code:0x8 (NO PTE FOR IOVA) at 0x9f991b80
[ 2497.508335] apple-dart 285820000.iommu: translation fault: status:0x900c0008 stream:0 code:0x8 (NO PTE FOR IOVA) at 0x9f9c1e00
[ 2497.508337] apple-dart 285810000.iommu: translation fault: status:0x800c0008 stream:0 code:0x8 (NO PTE FOR IOVA) at 0x9f992080
== state stop 2026-10-01T19:26:45.176Z arm B
boot_id 39b103d8-22ea-496b-8618-2638305cbe11 uname 7.1.13-3-1-ARCH up 2497.84
module 0.4.0 1FEE1B2BCF064C6109E1904 54c1da562f869797
fw_start Y
trace_td N
fw_perf_mode N
call_settle_us 1000
bo_total_bytes 842858496
bo_total_max_mb 12288
hid_apple.conf netconsole.conf 
governor schedutil
dmesg_bad 10 dmesg_lines 3174
 53: 0 0 0 0 0 0 0 0 0 0 0 0 AIC2 66420 Level 285408000.mailbox-recv
 54: 0 0 0 0 0 0 0 0 0 0 0 0 AIC2 67369 Level 285408000.mailbox-send
no ane-run
 14:26:45 up 41 min, 15 users,  load average: 3.82, 2.43, 1.33
