== state start 2026-10-02T10:52:03.304Z
boot_id 9bb646d3-9c5a-47e4-b3a1-16ebeef33fcf uname 7.1.13-3-1-ARCH up 3336.45
module 90b800c 4FE12EFABEDAACF4DF38AA8 584e7ac2b06069b5
trace_td N
fw_perf_mode N
call_settle_us 1000
bo_total_bytes 615350272
load 0.04 0.19 0.15 psi some avg10=0.00 avg60=0.00 avg300=0.00 total=2328932
esp 62ba301084714634
dmesg_bad 0 dmesg_lines 1357
no ane-run
boot_id 9bb646d3-9c5a-47e4-b3a1-16ebeef33fcf
kernel 7.1.13-3-1-ARCH
anec /var/tmp/gapwin/tree2/fixtures/h14-anec/matvec/program-0.anec
weights /var/tmp/gapwin/runs/s3-20261002T105203Z/mv-weights.fp16
/lib/firmware/apple/ane/t602x_ane0_fw_selene_rc4x.macho: OK
total 0
crw-rw-rw- 1 root render 261, 0 Oct  2 04:56 accel0
matvec M=1 K=256 N=256: 32/256 lanes within 2 ulp or 4 cond-units (32 bit-exact), max 18477.000 ulp, max 1130.711 cond-units; padding lanes zero: FAIL
trial 1 FAIL
matvec M=1 K=256 N=256: 32/256 lanes within 2 ulp or 4 cond-units (32 bit-exact), max 18477.000 ulp, max 1130.711 cond-units; padding lanes zero: FAIL
reopen+repeat FAIL
GATE FAIL
STOP gate matvec failed
