boot_id b9ed2e9a-98fc-412a-a4a4-17e5f7ae5c09
kernel 7.1.13-3-1-ARCH
anec /var/tmp/rel-0.4.0r/fixtures/h14-anec/add/program-0.anec
/lib/firmware/apple/ane/t602x_ane0_fw_selene_rc4x.macho: OK
total 0
crw-rw-rw- 1 root render 261, 0 Oct  1 14:46 accel0
LIBANE: M2: ERR: DRM_IOCTL_ANE_PROG_LOAD failed: Connection timed out
LIBANE: ERR: failed to load ABI-2 program from /var/tmp/rel-0.4.0r/fixtures/h14-anec/add/program-0.anec
ane_init failed on /var/tmp/rel-0.4.0r/fixtures/h14-anec/add/program-0.anec
trial 1 FAIL
LIBANE: M2: ERR: DRM_IOCTL_ANE_PROG_LOAD failed: Connection timed out
LIBANE: ERR: failed to load ABI-2 program from /var/tmp/rel-0.4.0r/fixtures/h14-anec/add/program-0.anec
ane_init failed on /var/tmp/rel-0.4.0r/fixtures/h14-anec/add/program-0.anec
trial 2 FAIL
LIBANE: M2: ERR: DRM_IOCTL_ANE_PROG_LOAD failed: Connection timed out
LIBANE: ERR: failed to load ABI-2 program from /var/tmp/rel-0.4.0r/fixtures/h14-anec/add/program-0.anec
ane_init failed on /var/tmp/rel-0.4.0r/fixtures/h14-anec/add/program-0.anec
trial 3 FAIL
LIBANE: M2: ERR: DRM_IOCTL_ANE_PROG_LOAD failed: Connection timed out
LIBANE: ERR: failed to load ABI-2 program from /var/tmp/rel-0.4.0r/fixtures/h14-anec/add/program-0.anec
ane_init failed on /var/tmp/rel-0.4.0r/fixtures/h14-anec/add/program-0.anec
trial 4 FAIL
LIBANE: M2: ERR: DRM_IOCTL_ANE_PROG_LOAD failed: Connection timed out
LIBANE: ERR: failed to load ABI-2 program from /var/tmp/rel-0.4.0r/fixtures/h14-anec/add/program-0.anec
ane_init failed on /var/tmp/rel-0.4.0r/fixtures/h14-anec/add/program-0.anec
reopen+repeat FAIL
GATE FAIL
