== state start 2026-10-02T11:52:58.879Z
boot_id 9bb646d3-9c5a-47e4-b3a1-16ebeef33fcf uname 7.1.13-3-1-ARCH up 6992.02
module 90b800c 4FE12EFABEDAACF4DF38AA8 584e7ac2b06069b5
trace_td N
fw_perf_mode N
call_settle_us 1000
bo_total_bytes 636600320
load 0.12 0.10 0.18 psi some avg10=0.00 avg60=0.00 avg300=0.00 total=5562779
esp 62ba301084714634
dmesg_bad 0 dmesg_lines 1539
no ane-run
== insmod ane_dcs_ps_probe (idle sample at init) 11:52:58
== dcs samples during one encoder block 11:53:03
encoder rc 0
== dcs samples after (idle) 11:53:14
== insmod ane_dsid_tm_probe (idle sample at init) 11:53:25
== dsid sample during one encoder block 11:53:29
encoder rc 0
== dsid sample after (idle) 11:53:34
[ 7021.822239] ane_dsid_tm_probe: s=0 t=7021842049996 tm-dsid=0x00000080
[ 7023.857084] ane_dsid_tm_probe: s=1 t=7023876904760 tm-dsid=0x00000080
[ 7027.557687] ane_dsid_tm_probe: s=2 t=7027577516788 tm-dsid=0x00000080
  0 word=0x00000080 dsid_bits17_10=0
  1 word=0x00000080 dsid_bits17_10=0
  2 word=0x00000080 dsid_bits17_10=0
== state end 2026-10-02T11:53:35.480Z
boot_id 9bb646d3-9c5a-47e4-b3a1-16ebeef33fcf uname 7.1.13-3-1-ARCH up 7028.63
module 90b800c 4FE12EFABEDAACF4DF38AA8 584e7ac2b06069b5
trace_td N
fw_perf_mode N
call_settle_us 1000
bo_total_bytes 636600320
load 0.44 0.19 0.21 psi some avg10=0.14 avg60=0.03 avg300=0.00 total=5641699
esp 62ba301084714634
dmesg_bad 0 dmesg_lines 1698
no ane-run
dmesg new 159 non-UFW 157
ane_dsid_tm_probe      49152  0
ane_dcs_ps_probe       49152  0
== s4 done /var/tmp/gapwin/runs/s4-20261002T115258Z
