=== 2026-09-24T17:18:00-05:00 seq=cmds up=up 1 hour, 12 minutes ===
[ 4359.175560] ane_ascdbg: 284000000.ane aperture 0x284000000 mapped, CPU_STATUS=00000028
17:18:01.293536777 CMD r32 0x1400048
17:18:01.327309371 RES r32 0x1400048 = 00000028
=== 2026-09-24T17:18:01-05:00 seq=cmds up=up 1 hour, 12 minutes ===
17:18:01.334761736 CMD r32 0x1010314
17:18:01.365721329 RES r32 0x1010314 = 00000000
=== 2026-09-24T17:18:16-05:00 seq=cmds up=up 1 hour, 12 minutes ===
17:18:16.060064919 CMD r32 0x1010fbc
17:18:16.084287986 RES r32 0x1010fbc = 00000000
17:18:16.085651739 CMD r32 0x1010314
17:18:16.114600588 RES r32 0x1010314 = 00000000
=== 2026-09-24T17:19:54-05:00 seq=cmds up=up 1 hour, 14 minutes ===
[ 4472.648458] ane_ascdbg: 284000000.ane aperture 0x284000000 mapped, CPU_STATUS=00000028
17:19:54.765309465 CMD r32 0x180000c
17:19:54.784615123 RES r32 0x180000c = 00010010
17:19:54.786692578 CMD r32 0x1800c00
17:19:54.819981637 RES r32 0x1800c00 = 0000fffe
17:19:54.822191755 CMD r32 0x1800100
17:19:54.849590778 RES r32 0x1800100 = 00a00000
17:19:54.852365550 CMD r32 0x1800104
17:19:54.874263360 RES r32 0x1800104 = 00000000
17:19:54.876045196 CMD r32 0x1800170
17:19:54.907693292 RES r32 0x1800170 = 7bef4f7e
17:19:54.910232778 CMD r32 0x1800174
17:19:54.935332184 RES r32 0x1800174 = 0000037f
17:19:54.937334182 CMD d32 0x1801000 16
17:19:54.955197872 RES d32 0x1801000 = 00000009
17:19:54.955197872 RES d32 0x1801004 = 00000000
17:19:54.955197872 RES d32 0x1801008 = 00000000
17:19:54.955197872 RES d32 0x180100c = 00000000
17:19:54.955197872 RES d32 0x1801010 = 00000000
17:19:54.955197872 RES d32 0x1801014 = 00000000
17:19:54.955197872 RES d32 0x1801018 = 00000000
17:19:54.955197872 RES d32 0x180101c = 00000000
17:19:54.955197872 RES d32 0x1801020 = 00000000
17:19:54.955197872 RES d32 0x1801024 = 00000000
17:19:54.955197872 RES d32 0x1801028 = 00000000
17:19:54.955197872 RES d32 0x180102c = 00000000
17:19:54.955197872 RES d32 0x1801030 = 00000000
17:19:54.955197872 RES d32 0x1801034 = 00000000
17:19:54.955197872 RES d32 0x1801038 = 00000000
17:19:54.955197872 RES d32 0x180103c = 00000002
17:19:54.956685881 CMD d32 0x1801400 16
17:19:54.975913000 RES d32 0x1801400 = 100124d1
17:19:54.975913000 RES d32 0x1801404 = 00000000
17:19:54.975913000 RES d32 0x1801408 = 00000000
17:19:54.975913000 RES d32 0x180140c = 00000000
17:19:54.975913000 RES d32 0x1801410 = 00000000
17:19:54.975913000 RES d32 0x1801414 = 00000000
17:19:54.975913000 RES d32 0x1801418 = 00000000
17:19:54.975913000 RES d32 0x180141c = 00000000
17:19:54.975913000 RES d32 0x1801420 = 00000000
17:19:54.975913000 RES d32 0x1801424 = 00000000
17:19:54.975913000 RES d32 0x1801428 = 00000000
17:19:54.975913000 RES d32 0x180142c = 00000000
17:19:54.975913000 RES d32 0x1801430 = 00000000
17:19:54.975913000 RES d32 0x1801434 = 00000000
17:19:54.975913000 RES d32 0x1801438 = 00000000
17:19:54.975913000 RES d32 0x180143c = 00000000
17:19:54.978223824 CMD r32 0x181000c
17:19:54.998102137 RES r32 0x181000c = 00100010
17:19:55.000984949 CMD r32 0x1810c00
17:19:55.021119590 RES r32 0x1810c00 = 0000ffff
17:19:55.022446353 CMD r32 0x1810100
17:19:55.043507599 RES r32 0x1810100 = 00f00000
17:19:55.045323851 CMD r32 0x1810104
17:19:55.065043752 RES r32 0x1810104 = 00000000
17:19:55.066736048 CMD r32 0x1810170
17:19:55.089501882 RES r32 0x1810170 = 79d9fbfb
17:19:55.091901996 CMD r32 0x1810174
17:19:55.112266633 RES r32 0x1810174 = 000003fe
17:19:55.114088426 CMD d32 0x1811000 16
17:19:55.145336949 RES d32 0x1811000 = 00000009
17:19:55.145336949 RES d32 0x1811004 = 00000000
17:19:55.145336949 RES d32 0x1811008 = 00000000
17:19:55.145336949 RES d32 0x181100c = 00000000
17:19:55.145336949 RES d32 0x1811010 = 00000000
17:19:55.145336949 RES d32 0x1811014 = 00000000
17:19:55.145336949 RES d32 0x1811018 = 00000000
17:19:55.145336949 RES d32 0x181101c = 00000000
17:19:55.145336949 RES d32 0x1811020 = 00000000
17:19:55.145336949 RES d32 0x1811024 = 00000000
17:19:55.145336949 RES d32 0x1811028 = 00000000
17:19:55.145336949 RES d32 0x181102c = 00000000
17:19:55.145336949 RES d32 0x1811030 = 00000000
17:19:55.145336949 RES d32 0x1811034 = 00000000
17:19:55.145336949 RES d32 0x1811038 = 00000000
17:19:55.145336949 RES d32 0x181103c = 00000000
17:19:55.147920309 CMD d32 0x1811400 16
17:19:55.171190257 RES d32 0x1811400 = 100124d1
17:19:55.171190257 RES d32 0x1811404 = 00000000
17:19:55.171190257 RES d32 0x1811408 = 00000000
17:19:55.171190257 RES d32 0x181140c = 00000000
17:19:55.171190257 RES d32 0x1811410 = 00000000
17:19:55.171190257 RES d32 0x1811414 = 00000000
17:19:55.171190257 RES d32 0x1811418 = 00000000
17:19:55.171190257 RES d32 0x181141c = 00000000
17:19:55.171190257 RES d32 0x1811420 = 00000000
17:19:55.171190257 RES d32 0x1811424 = 00000000
17:19:55.171190257 RES d32 0x1811428 = 00000000
17:19:55.171190257 RES d32 0x181142c = 00000000
17:19:55.171190257 RES d32 0x1811430 = 00000000
17:19:55.171190257 RES d32 0x1811434 = 00000000
17:19:55.171190257 RES d32 0x1811438 = 00000000
17:19:55.171190257 RES d32 0x181143c = 00000000
17:19:55.172925802 CMD r32 0x182000c
17:19:55.196099502 RES r32 0x182000c = 00100010
17:19:55.198095292 CMD r32 0x1820c00
17:19:55.226205092 RES r32 0x1820c00 = 0000ffff
17:19:55.228264714 CMD r32 0x1820100
17:19:55.247975615 RES r32 0x1820100 = 10700000
17:19:55.250064027 CMD r32 0x1820104
17:19:55.282447983 RES r32 0x1820104 = 00000000
17:19:55.284501730 CMD r32 0x1820170
17:19:55.308621493 RES r32 0x1820170 = cefee3f7
17:19:55.310201125 CMD r32 0x1820174
17:19:55.331334911 RES r32 0x1820174 = 000003aa
17:19:55.333061623 CMD d32 0x1821000 16
17:19:55.347399767 RES d32 0x1821000 = 00000009
17:19:55.347399767 RES d32 0x1821004 = 00000000
17:19:55.347399767 RES d32 0x1821008 = 00000000
17:19:55.347399767 RES d32 0x182100c = 00000000
17:19:55.347399767 RES d32 0x1821010 = 00000000
17:19:55.347399767 RES d32 0x1821014 = 00000000
17:19:55.347399767 RES d32 0x1821018 = 00000000
17:19:55.347399767 RES d32 0x182101c = 00000000
17:19:55.347399767 RES d32 0x1821020 = 00000000
17:19:55.347399767 RES d32 0x1821024 = 00000000
17:19:55.347399767 RES d32 0x1821028 = 00000000
17:19:55.347399767 RES d32 0x182102c = 00000000
17:19:55.347399767 RES d32 0x1821030 = 00000000
17:19:55.347399767 RES d32 0x1821034 = 00000000
17:19:55.347399767 RES d32 0x1821038 = 00000000
17:19:55.347399767 RES d32 0x182103c = 00000000
17:19:55.348907609 CMD d32 0x1821400 16
17:19:55.368435681 RES d32 0x1821400 = 100124d1
17:19:55.368435681 RES d32 0x1821404 = 00000000
17:19:55.368435681 RES d32 0x1821408 = 00000000
17:19:55.368435681 RES d32 0x182140c = 00000000
17:19:55.368435681 RES d32 0x1821410 = 00000000
17:19:55.368435681 RES d32 0x1821414 = 00000000
17:19:55.368435681 RES d32 0x1821418 = 00000000
17:19:55.368435681 RES d32 0x182141c = 00000000
17:19:55.368435681 RES d32 0x1821420 = 00000000
17:19:55.368435681 RES d32 0x1821424 = 00000000
17:19:55.368435681 RES d32 0x1821428 = 00000000
17:19:55.368435681 RES d32 0x182142c = 00000000
17:19:55.368435681 RES d32 0x1821430 = 00000000
17:19:55.368435681 RES d32 0x1821434 = 00000000
17:19:55.368435681 RES d32 0x1821438 = 00000000
17:19:55.368435681 RES d32 0x182143c = 00000000
=== 2026-09-24T17:20:29-05:00 seq=cmds up=up 1 hour, 15 minutes ===
17:20:29.397580797 CMD r32 0x1800c00
17:20:29.424236513 RES r32 0x1800c00 = 0000fffe
17:20:29.426599715 CMD w32 0x1800c00 0xffff
17:20:29.444881432 RES w32 0x1800c00 <= 0000ffff
17:20:29.446724479 CMD r32 0x1800c00
17:20:29.468292297 RES r32 0x1800c00 = 0000ffff
=== 2026-09-24T17:22:40-05:00 seq=cmds up=up 1 hour, 17 minutes ===
[ 4638.958657] ane_ascdbg: 284000000.ane aperture 0x284000000 mapped, CPU_STATUS=00000028
17:22:41.076031653 CMD r32 0x1400048
17:22:41.104832881 RES r32 0x1400048 = 00000028
=== 2026-09-24T17:22:41-05:00 seq=cmds up=up 1 hour, 17 minutes ===
17:22:41.112921478 CMD r32 0x1408114
17:22:41.139188325 RES r32 0x1408114 = 00020001
=== 2026-09-24T17:22:41-05:00 seq=cmds up=up 1 hour, 17 minutes ===
17:22:41.146133313 CMD r32 0x1840064
17:22:41.164608392 RES r32 0x1840064 = 00000000
=== 2026-09-24T17:22:41-05:00 seq=cmds up=up 1 hour, 17 minutes ===
17:22:41.174043970 CMD r32 0x180103c
17:22:41.196407370 RES r32 0x180103c = 00000002
=== 2026-09-24T17:22:41-05:00 seq=cmds up=up 1 hour, 17 minutes ===
17:22:41.205061126 CMD r32 0x181103c
17:22:41.220899116 RES r32 0x181103c = 00000000
=== 2026-09-24T17:22:41-05:00 seq=cmds up=up 1 hour, 17 minutes ===
17:22:41.227552858 CMD r32 0x182103c
17:22:41.247946536 RES r32 0x182103c = 00000000
=== 2026-09-24T17:22:41-05:00 seq=cmds up=up 1 hour, 17 minutes ===
17:22:41.255384892 CMD r32 0x1800100
17:22:41.274941164 RES r32 0x1800100 = 00a00000
=== 2026-09-24T17:22:41-05:00 seq=cmds up=up 1 hour, 17 minutes ===
17:22:41.281298660 CMD r32 0x1810100
17:22:41.299204663 RES r32 0x1810100 = 00f00000
=== 2026-09-24T17:22:41-05:00 seq=cmds up=up 1 hour, 17 minutes ===
17:22:41.309279233 CMD r32 0x1820100
17:22:41.329914449 RES r32 0x1820100 = 10700000
=== 2026-09-24T17:22:41-05:00 seq=cmds up=up 1 hour, 17 minutes ===
17:22:41.341126586 CMD r32 0x1800c00
17:22:41.362866078 RES r32 0x1800c00 = 0000ffff
=== 2026-09-24T17:22:41-05:00 seq=cmds up=up 1 hour, 17 minutes ===
17:22:41.373820011 CMD r32 0x1810c00
17:22:41.395757584 RES r32 0x1810c00 = 0000ffff
=== 2026-09-24T17:22:41-05:00 seq=cmds up=up 1 hour, 17 minutes ===
17:22:41.403888347 CMD r32 0x1820c00
17:22:41.432668201 RES r32 0x1820c00 = 0000ffff
=== 2026-09-24T17:22:41-05:00 seq=cmds up=up 1 hour, 17 minutes ===
17:22:41.441038252 CMD w32 0x181103c 0x2
17:22:41.463613983 RES w32 0x181103c <= 00000002
=== 2026-09-24T17:22:41-05:00 seq=cmds up=up 1 hour, 17 minutes ===
17:22:41.474418792 CMD r32 0x181103c
17:22:41.502676862 RES r32 0x181103c = 00000002
=== 2026-09-24T17:22:41-05:00 seq=cmds up=up 1 hour, 17 minutes ===
17:22:41.514905485 CMD w32 0x182103c 0x2
17:22:41.537161887 RES w32 0x182103c <= 00000002
=== 2026-09-24T17:22:41-05:00 seq=cmds up=up 1 hour, 17 minutes ===
17:22:41.548165735 CMD r32 0x182103c
17:22:41.571240668 RES r32 0x182103c = 00000002
=== 2026-09-24T17:22:41-05:00 seq=cmds up=up 1 hour, 17 minutes ===
17:22:41.578109781 CMD r32 0x1408114
17:22:41.596934564 RES r32 0x1408114 = 00020001
=== 2026-09-24T17:22:41-05:00 seq=cmds up=up 1 hour, 17 minutes ===
17:22:41.607373087 CMD w32 0x1400044 0x0
17:22:41.632109955 RES w32 0x1400044 <= 00000000
=== 2026-09-24T17:22:41-05:00 seq=cmds up=up 1 hour, 17 minutes ===
17:22:41.641989360 CMD w32 0x1400044 0x10
17:22:41.663605396 RES w32 0x1400044 <= 00000010
=== 2026-09-24T17:22:41-05:00 seq=cmds up=up 1 hour, 17 minutes ===
17:22:41.671351123 CMD r32 0x1840064
17:22:41.689464165 RES r32 0x1840064 = 00000000
=== 2026-09-24T17:22:41-05:00 seq=cmds up=up 1 hour, 17 minutes ===
17:22:41.697761176 CMD r32 0x1408114
17:22:41.712343850 RES r32 0x1408114 = 00020001
=== 2026-09-24T17:22:41-05:00 seq=cmds up=up 1 hour, 17 minutes ===
17:22:41.719803164 CMD r32 0x1400048
17:22:41.739907262 RES r32 0x1400048 = 00000028
=== 2026-09-24T17:22:41-05:00 seq=cmds up=up 1 hour, 17 minutes ===
17:22:41.746429339 CMD r32 0x1800100
17:22:41.769149151 RES r32 0x1800100 = 00a00000
=== 2026-09-24T17:22:41-05:00 seq=cmds up=up 1 hour, 17 minutes ===
17:22:41.776691839 CMD r32 0x1810100
17:22:41.791850922 RES r32 0x1810100 = 00f00000
=== 2026-09-24T17:22:41-05:00 seq=cmds up=up 1 hour, 17 minutes ===
17:22:41.799482775 CMD r32 0x1820100
17:22:41.818819759 RES r32 0x1820100 = 10700000
=== 2026-09-24T17:22:46-05:00 seq=cmds up=up 1 hour, 17 minutes ===
17:22:46.826465519 CMD r32 0x1840064
17:22:46.850230488 RES r32 0x1840064 = 00000000
=== 2026-09-24T17:22:46-05:00 seq=cmds up=up 1 hour, 17 minutes ===
17:22:46.858684165 CMD r32 0x1408114
17:22:46.879595882 RES r32 0x1408114 = 00020001
=== 2026-09-24T17:22:46-05:00 seq=cmds up=up 1 hour, 17 minutes ===
17:22:46.887740938 CMD r32 0x1400048
17:22:46.904724874 RES r32 0x1400048 = 00000028
=== 2026-09-24T17:22:46-05:00 seq=cmds up=up 1 hour, 17 minutes ===
17:22:46.912212981 CMD r32 0x1800100
17:22:46.927403192 RES r32 0x1800100 = 00a00000
=== 2026-09-24T17:22:46-05:00 seq=cmds up=up 1 hour, 17 minutes ===
17:22:46.934169017 CMD r32 0x1810100
17:22:46.957090414 RES r32 0x1810100 = 00f00000
=== 2026-09-24T17:22:46-05:00 seq=cmds up=up 1 hour, 17 minutes ===
17:22:46.964536730 CMD r32 0x1820100
17:22:46.981853703 RES r32 0x1820100 = 10700000
=== 2026-09-24T17:22:51-05:00 seq=cmds up=up 1 hour, 17 minutes ===
17:22:51.988992660 CMD r32 0x1840064
17:22:52.009736550 RES r32 0x1840064 = 00000000
=== 2026-09-24T17:22:52-05:00 seq=cmds up=up 1 hour, 17 minutes ===
17:22:52.017476156 CMD r32 0x1408114
17:22:52.035536998 RES r32 0x1408114 = 00020001
=== 2026-09-24T17:22:52-05:00 seq=cmds up=up 1 hour, 17 minutes ===
17:22:52.042771444 CMD r32 0x1400048
17:22:52.059003978 RES r32 0x1400048 = 00000028
=== 2026-09-24T17:22:52-05:00 seq=cmds up=up 1 hour, 17 minutes ===
17:22:52.064416197 CMD r32 0x1800100
17:22:52.078814964 RES r32 0x1800100 = 00a00000
=== 2026-09-24T17:22:52-05:00 seq=cmds up=up 1 hour, 17 minutes ===
17:22:52.086751191 CMD r32 0x1810100
17:22:52.107997367 RES r32 0x1810100 = 00f00000
=== 2026-09-24T17:22:52-05:00 seq=cmds up=up 1 hour, 17 minutes ===
17:22:52.114154618 CMD r32 0x1820100
17:22:52.133541735 RES r32 0x1820100 = 10700000
=== 2026-09-24T17:22:57-05:00 seq=cmds up=up 1 hour, 17 minutes ===
17:22:57.141157863 CMD r32 0x1840064
17:22:57.159330416 RES r32 0x1840064 = 00000000
=== 2026-09-24T17:22:57-05:00 seq=cmds up=up 1 hour, 17 minutes ===
17:22:57.166173035 CMD r32 0x1408114
17:22:57.184490670 RES r32 0x1408114 = 00020001
=== 2026-09-24T17:22:57-05:00 seq=cmds up=up 1 hour, 17 minutes ===
17:22:57.192119611 CMD r32 0x1400048
17:22:57.213831118 RES r32 0x1400048 = 00000028
=== 2026-09-24T17:22:57-05:00 seq=cmds up=up 1 hour, 17 minutes ===
17:22:57.222271091 CMD r32 0x1800100
17:22:57.235138881 RES r32 0x1800100 = 00a00000
=== 2026-09-24T17:22:57-05:00 seq=cmds up=up 1 hour, 17 minutes ===
17:22:57.241698586 CMD r32 0x1810100
17:22:57.262601729 RES r32 0x1810100 = 00f00000
=== 2026-09-24T17:22:57-05:00 seq=cmds up=up 1 hour, 17 minutes ===
17:22:57.269131893 CMD r32 0x1820100
17:22:57.284033365 RES r32 0x1820100 = 10700000
=== 2026-09-24T17:23:02-05:00 seq=cmds up=up 1 hour, 17 minutes ===
17:23:02.290952460 CMD r32 0x1840064
17:23:02.314394074 RES r32 0x1840064 = 00000000
=== 2026-09-24T17:23:02-05:00 seq=cmds up=up 1 hour, 17 minutes ===
17:23:02.320876323 CMD r32 0x1408114
17:23:02.346736698 RES r32 0x1408114 = 00020001
=== 2026-09-24T17:23:02-05:00 seq=cmds up=up 1 hour, 17 minutes ===
17:23:02.355710373 CMD r32 0x1400048
17:23:02.380265806 RES r32 0x1400048 = 00000028
=== 2026-09-24T17:23:02-05:00 seq=cmds up=up 1 hour, 17 minutes ===
17:23:02.389469562 CMD r32 0x1800100
17:23:02.405523563 RES r32 0x1800100 = 00a00000
=== 2026-09-24T17:23:02-05:00 seq=cmds up=up 1 hour, 17 minutes ===
17:23:02.412372392 CMD r32 0x1810100
17:23:02.428092480 RES r32 0x1810100 = 00f00000
=== 2026-09-24T17:23:02-05:00 seq=cmds up=up 1 hour, 17 minutes ===
17:23:02.436536205 CMD r32 0x1820100
17:23:02.455080924 RES r32 0x1820100 = 10700000
=== 2026-09-24T17:23:07-05:00 seq=cmds up=up 1 hour, 17 minutes ===
17:23:07.464595937 CMD r32 0x1840064
17:23:07.493495611 RES r32 0x1840064 = 00000000
=== 2026-09-24T17:23:07-05:00 seq=cmds up=up 1 hour, 17 minutes ===
17:23:07.501324053 CMD r32 0x1408114
17:23:07.516244614 RES r32 0x1408114 = 00020001
=== 2026-09-24T17:23:07-05:00 seq=cmds up=up 1 hour, 17 minutes ===
17:23:07.523288816 CMD r32 0x1400048
17:23:07.543456268 RES r32 0x1400048 = 00000028
=== 2026-09-24T17:23:07-05:00 seq=cmds up=up 1 hour, 17 minutes ===
17:23:07.551055380 CMD r32 0x1800100
17:23:07.565972648 RES r32 0x1800100 = 00a00000
=== 2026-09-24T17:23:07-05:00 seq=cmds up=up 1 hour, 17 minutes ===
17:23:07.572766604 CMD r32 0x1810100
17:23:07.592510019 RES r32 0x1810100 = 00f00000
=== 2026-09-24T17:23:07-05:00 seq=cmds up=up 1 hour, 17 minutes ===
17:23:07.598913104 CMD r32 0x1820100
17:23:07.618334399 RES r32 0x1820100 = 10700000
=== 2026-09-24T17:23:12-05:00 seq=cmds up=up 1 hour, 17 minutes ===
17:23:12.627967351 CMD r32 0x1840064
17:23:12.651014438 RES r32 0x1840064 = 00000000
=== 2026-09-24T17:23:12-05:00 seq=cmds up=up 1 hour, 17 minutes ===
17:23:12.657582022 CMD r32 0x1408114
17:23:12.675363466 RES r32 0x1408114 = 00020001
=== 2026-09-24T17:23:12-05:00 seq=cmds up=up 1 hour, 17 minutes ===
17:23:12.683905943 CMD r32 0x1400048
17:23:12.705194718 RES r32 0x1400048 = 00000028
=== 2026-09-24T17:23:12-05:00 seq=cmds up=up 1 hour, 17 minutes ===
17:23:12.712581292 CMD r32 0x1800100
17:23:12.743418239 RES r32 0x1800100 = 00a00000
=== 2026-09-24T17:23:12-05:00 seq=cmds up=up 1 hour, 17 minutes ===
17:23:12.751969466 CMD r32 0x1810100
17:23:12.764925095 RES r32 0x1810100 = 00f00000
=== 2026-09-24T17:23:12-05:00 seq=cmds up=up 1 hour, 17 minutes ===
17:23:12.771786843 CMD r32 0x1820100
17:23:12.788490633 RES r32 0x1820100 = 10700000
=== 2026-09-24T17:23:17-05:00 seq=cmds up=up 1 hour, 17 minutes ===
17:23:17.795542007 CMD r32 0x1840064
17:23:17.821483229 RES r32 0x1840064 = 00000000
=== 2026-09-24T17:23:17-05:00 seq=cmds up=up 1 hour, 17 minutes ===
17:23:17.829151926 CMD r32 0x1408114
17:23:17.850587078 RES r32 0x1408114 = 00020001
=== 2026-09-24T17:23:17-05:00 seq=cmds up=up 1 hour, 17 minutes ===
17:23:17.860531872 CMD r32 0x1400048
17:23:17.888177115 RES r32 0x1400048 = 00000028
=== 2026-09-24T17:23:17-05:00 seq=cmds up=up 1 hour, 17 minutes ===
17:23:17.896036685 CMD r32 0x1800100
17:23:17.913912715 RES r32 0x1800100 = 00a00000
=== 2026-09-24T17:23:17-05:00 seq=cmds up=up 1 hour, 17 minutes ===
17:23:17.922180488 CMD r32 0x1810100
17:23:17.938394538 RES r32 0x1810100 = 00f00000
=== 2026-09-24T17:23:17-05:00 seq=cmds up=up 1 hour, 17 minutes ===
17:23:17.949330278 CMD r32 0x1820100
17:23:17.970870388 RES r32 0x1820100 = 10700000
=== 2026-09-24T17:23:22-05:00 seq=cmds up=up 1 hour, 18 minutes ===
17:23:22.979459457 CMD r32 0x1840064
17:23:23.004241032 RES r32 0x1840064 = 00000000
=== 2026-09-24T17:23:23-05:00 seq=cmds up=up 1 hour, 18 minutes ===
17:23:23.012314142 CMD r32 0x1408114
17:23:23.036020522 RES r32 0x1408114 = 00020001
=== 2026-09-24T17:23:23-05:00 seq=cmds up=up 1 hour, 18 minutes ===
17:23:23.044950998 CMD r32 0x1400048
17:23:23.062206581 RES r32 0x1400048 = 00000028
=== 2026-09-24T17:23:23-05:00 seq=cmds up=up 1 hour, 18 minutes ===
17:23:23.070036236 CMD r32 0x1800100
17:23:23.097402239 RES r32 0x1800100 = 00a00000
=== 2026-09-24T17:23:23-05:00 seq=cmds up=up 1 hour, 18 minutes ===
17:23:23.105523890 CMD r32 0x1810100
17:23:23.120917996 RES r32 0x1810100 = 00f00000
=== 2026-09-24T17:23:23-05:00 seq=cmds up=up 1 hour, 18 minutes ===
17:23:23.129385602 CMD r32 0x1820100
17:23:23.153561810 RES r32 0x1820100 = 10700000
=== 2026-09-24T17:23:28-05:00 seq=cmds up=up 1 hour, 18 minutes ===
17:23:28.161723464 CMD r32 0x1840064
17:23:28.187858403 RES r32 0x1840064 = 00000000
=== 2026-09-24T17:23:28-05:00 seq=cmds up=up 1 hour, 18 minutes ===
17:23:28.196550466 CMD r32 0x1408114
17:23:28.209703518 RES r32 0x1408114 = 00020001
=== 2026-09-24T17:23:28-05:00 seq=cmds up=up 1 hour, 18 minutes ===
17:23:28.218580371 CMD r32 0x1400048
17:23:28.233511985 RES r32 0x1400048 = 00000028
=== 2026-09-24T17:23:28-05:00 seq=cmds up=up 1 hour, 18 minutes ===
17:23:28.241524431 CMD r32 0x1800100
17:23:28.256214256 RES r32 0x1800100 = 00a00000
=== 2026-09-24T17:23:28-05:00 seq=cmds up=up 1 hour, 18 minutes ===
17:23:28.262604722 CMD r32 0x1810100
17:23:28.278095829 RES r32 0x1810100 = 00f00000
=== 2026-09-24T17:23:28-05:00 seq=cmds up=up 1 hour, 18 minutes ===
17:23:28.284560710 CMD r32 0x1820100
17:23:28.302124543 RES r32 0x1820100 = 10700000
=== 2026-09-24T17:23:33-05:00 seq=cmds up=up 1 hour, 18 minutes ===
17:23:33.311491079 CMD r32 0x1840064
17:23:33.330015238 RES r32 0x1840064 = 00000000
=== 2026-09-24T17:23:33-05:00 seq=cmds up=up 1 hour, 18 minutes ===
17:23:33.338212892 CMD r32 0x1408114
17:23:33.358102575 RES r32 0x1408114 = 00020001
=== 2026-09-24T17:23:33-05:00 seq=cmds up=up 1 hour, 18 minutes ===
17:23:33.365453239 CMD r32 0x1400048
17:23:33.380519563 RES r32 0x1400048 = 00000028
=== 2026-09-24T17:23:33-05:00 seq=cmds up=up 1 hour, 18 minutes ===
17:23:33.388625093 CMD r32 0x1800100
17:23:33.406406551 RES r32 0x1800100 = 00a00000
=== 2026-09-24T17:23:33-05:00 seq=cmds up=up 1 hour, 18 minutes ===
17:23:33.413643592 CMD r32 0x1810100
17:23:33.430810307 RES r32 0x1810100 = 00f00000
=== 2026-09-24T17:23:33-05:00 seq=cmds up=up 1 hour, 18 minutes ===
17:23:33.438374219 CMD r32 0x1820100
17:23:33.455223688 RES r32 0x1820100 = 10700000
=== 2026-09-24T17:23:38-05:00 seq=cmds up=up 1 hour, 18 minutes ===
17:23:38.463260836 CMD r32 0x1840064
17:23:38.487868302 RES r32 0x1840064 = 00000000
=== 2026-09-24T17:23:38-05:00 seq=cmds up=up 1 hour, 18 minutes ===
17:23:38.495495881 CMD r32 0x1408114
17:23:38.521295459 RES r32 0x1408114 = 00020001
=== 2026-09-24T17:23:38-05:00 seq=cmds up=up 1 hour, 18 minutes ===
17:23:38.528388168 CMD r32 0x1400048
17:23:38.550800494 RES r32 0x1400048 = 00000028
=== 2026-09-24T17:23:38-05:00 seq=cmds up=up 1 hour, 18 minutes ===
17:23:38.560319134 CMD r32 0x1800100
17:23:38.577575227 RES r32 0x1800100 = 00a00000
=== 2026-09-24T17:23:38-05:00 seq=cmds up=up 1 hour, 18 minutes ===
17:23:38.587995565 CMD r32 0x1810100
17:23:38.606679433 RES r32 0x1810100 = 00f00000
=== 2026-09-24T17:23:38-05:00 seq=cmds up=up 1 hour, 18 minutes ===
17:23:38.613731977 CMD r32 0x1820100
17:23:38.633437875 RES r32 0x1820100 = 10700000
=== 2026-09-24T17:23:43-05:00 seq=cmds up=up 1 hour, 18 minutes ===
17:23:43.641576404 CMD r32 0x1840064
17:23:43.656222112 RES r32 0x1840064 = 00000000
=== 2026-09-24T17:23:43-05:00 seq=cmds up=up 1 hour, 18 minutes ===
17:23:43.663129576 CMD r32 0x1408114
17:23:43.691433172 RES r32 0x1408114 = 00020001
=== 2026-09-24T17:23:43-05:00 seq=cmds up=up 1 hour, 18 minutes ===
17:23:43.699205833 CMD r32 0x1400048
17:23:43.713417839 RES r32 0x1400048 = 00000028
=== 2026-09-24T17:23:43-05:00 seq=cmds up=up 1 hour, 18 minutes ===
17:23:43.720912712 CMD r32 0x1800100
17:23:43.740962068 RES r32 0x1800100 = 00a00000
=== 2026-09-24T17:23:43-05:00 seq=cmds up=up 1 hour, 18 minutes ===
17:23:43.748990269 CMD r32 0x1810100
17:23:43.769595827 RES r32 0x1810100 = 00f00000
=== 2026-09-24T17:23:43-05:00 seq=cmds up=up 1 hour, 18 minutes ===
17:23:43.776110253 CMD r32 0x1820100
17:23:43.795461242 RES r32 0x1820100 = 10700000
=== 2026-09-24T17:23:43-05:00 seq=cmds up=up 1 hour, 18 minutes ===
17:23:43.806964445 CMD r32 0x1800170
17:23:43.824981741 RES r32 0x1800170 = 7bef4f7e
=== 2026-09-24T17:23:43-05:00 seq=cmds up=up 1 hour, 18 minutes ===
17:23:43.832038244 CMD r32 0x1800174
17:23:43.850582367 RES r32 0x1800174 = 0000037f
=== 2026-09-24T17:23:43-05:00 seq=cmds up=up 1 hour, 18 minutes ===
17:23:43.857387957 CMD r32 0x1810170
17:23:43.879306625 RES r32 0x1810170 = 79d9fbfb
=== 2026-09-24T17:23:43-05:00 seq=cmds up=up 1 hour, 18 minutes ===
17:23:43.888532187 CMD r32 0x1810174
17:23:43.909050038 RES r32 0x1810174 = 000003fe
=== 2026-09-24T17:23:43-05:00 seq=cmds up=up 1 hour, 18 minutes ===
17:23:43.916097624 CMD r32 0x1820170
17:23:43.937098678 RES r32 0x1820170 = cefee3f7
=== 2026-09-24T17:23:43-05:00 seq=cmds up=up 1 hour, 18 minutes ===
17:23:43.942931903 CMD r32 0x1820174
17:23:43.962384516 RES r32 0x1820174 = 000003aa
=== 2026-09-24T17:24:14-05:00 seq=cmds up=up 1 hour, 18 minutes ===
17:24:14.174469805 CMD r32 0x1400048
17:24:14.192215956 RES r32 0x1400048 = 00000028
17:24:14.193769482 CMD w32 0x1400044 0x0
17:24:14.214761767 RES w32 0x1400044 <= 00000000
17:24:14.216232502 CMD r32 0x1400048
17:24:14.239986551 RES r32 0x1400048 = 00000028
17:24:14.242055697 CMD s32 0x1400048 5 20000
17:24:14.390705259 RES s32 0x1400048 [0] = 00000028
17:24:14.390705259 RES   x4 more
17:24:14.393208817 CMD w32 0x1400044 0x10
17:24:14.427037138 RES w32 0x1400044 <= 00000010
17:24:14.429038576 CMD r32 0x1400048
17:24:14.450657396 RES r32 0x1400048 = 00000028
17:24:14.453329952 CMD r32 0x1840064
17:24:14.475439018 RES r32 0x1840064 = 00000000
17:24:14.477519496 CMD r32 0x1408114
17:24:14.500262930 RES r32 0x1408114 = 00020001
=== boot 17:29:29 up up 0 minute
=== 2026-09-24T17:29:29-05:00 seq=cmds up=up 0 minute ===
[   38.102953] ane_ascdbg: 284000000.ane aperture 0x284000000 mapped, CPU_STATUS=0000002a
17:29:29.998429912 CMD r32 0x1400048
17:29:30.025812370 RES r32 0x1400048 = 0000002a
=== 2026-09-24T17:29:30-05:00 seq=cmds up=up 0 minute ===
17:29:30.033280474 CMD r64 0x1050000
17:29:30.051242885 RES r64 0x1050000 = 0000010000000001
=== 2026-09-24T17:29:30-05:00 seq=cmds up=up 0 minute ===
17:29:30.059648613 CMD r32 0x1408114
17:29:30.079790774 RES r32 0x1408114 = 00020001
=== 2026-09-24T17:29:30-05:00 seq=cmds up=up 0 minute ===
17:29:30.090393929 CMD r32 0x1840064
17:29:30.110896882 RES r32 0x1840064 = 00000000
=== 2026-09-24T17:29:30-05:00 seq=cmds up=up 0 minute ===
17:29:30.121237454 CMD r32 0x180103c
17:29:30.138540971 RES r32 0x180103c = 00000000
=== 2026-09-24T17:29:30-05:00 seq=cmds up=up 0 minute ===
17:29:30.146560053 CMD r32 0x1801000
17:29:30.168095405 RES r32 0x1801000 = 00000009
=== 2026-09-24T17:29:30-05:00 seq=cmds up=up 0 minute ===
17:29:30.179547046 CMD r32 0x1801400
17:29:30.198233963 RES r32 0x1801400 = 100124bd
=== 2026-09-24T17:29:30-05:00 seq=cmds up=up 0 minute ===
17:29:30.206223799 CMD r32 0x1800100
17:29:30.226322048 RES r32 0x1800100 = 00a00000
=== 2026-09-24T17:29:30-05:00 seq=cmds up=up 0 minute ===
17:29:30.236974116 CMD r32 0x1800c00
17:29:30.251263087 RES r32 0x1800c00 = 0000ffff
=== 2026-09-24T17:29:30-05:00 seq=cmds up=up 0 minute ===
17:29:30.261883365 CMD r32 0x181103c
17:29:30.283075008 RES r32 0x181103c = 00000000
=== 2026-09-24T17:29:30-05:00 seq=cmds up=up 0 minute ===
17:29:30.294618161 CMD r32 0x1811000
17:29:30.316462339 RES r32 0x1811000 = 00000009
=== 2026-09-24T17:29:30-05:00 seq=cmds up=up 0 minute ===
17:29:30.327308960 CMD r32 0x1811400
17:29:30.342239699 RES r32 0x1811400 = 100124bd
=== 2026-09-24T17:29:30-05:00 seq=cmds up=up 0 minute ===
17:29:30.349649056 CMD r32 0x1810100
17:29:30.378405274 RES r32 0x1810100 = 00f00000
=== 2026-09-24T17:29:30-05:00 seq=cmds up=up 0 minute ===
17:29:30.385997230 CMD r32 0x1810c00
17:29:30.405723753 RES r32 0x1810c00 = 0000ffff
=== 2026-09-24T17:29:30-05:00 seq=cmds up=up 0 minute ===
17:29:30.418343599 CMD r32 0x182103c
17:29:30.446116754 RES r32 0x182103c = 00000000
=== 2026-09-24T17:29:30-05:00 seq=cmds up=up 0 minute ===
17:29:30.457934188 CMD r32 0x1821000
17:29:30.479833086 RES r32 0x1821000 = 00000009
=== 2026-09-24T17:29:30-05:00 seq=cmds up=up 0 minute ===
17:29:30.487881542 CMD r32 0x1821400
17:29:30.511453168 RES r32 0x1821400 = 100124bd
=== 2026-09-24T17:29:30-05:00 seq=cmds up=up 0 minute ===
17:29:30.520704585 CMD r32 0x1820100
17:29:30.546518610 RES r32 0x1820100 = 10700000
=== 2026-09-24T17:29:30-05:00 seq=cmds up=up 0 minute ===
17:29:30.555988146 CMD r32 0x1820c00
17:29:30.572124009 RES r32 0x1820c00 = 0000ffff
=== 2026-09-24T17:29:30-05:00 seq=cmds up=up 0 minute ===
17:29:30.583054724 CMD w32 0x180103c 0x2
17:29:30.599039905 RES w32 0x180103c <= 00000002
=== 2026-09-24T17:29:30-05:00 seq=cmds up=up 0 minute ===
17:29:30.605638626 CMD r32 0x180103c
17:29:30.624892119 RES r32 0x180103c = 00000002
=== 2026-09-24T17:29:30-05:00 seq=cmds up=up 0 minute ===
17:29:30.631149292 CMD w32 0x181103c 0x2
17:29:30.647338774 RES w32 0x181103c <= 00000002
=== 2026-09-24T17:29:30-05:00 seq=cmds up=up 0 minute ===
17:29:30.656169636 CMD r32 0x181103c
17:29:30.675310509 RES r32 0x181103c = 00000002
=== 2026-09-24T17:29:30-05:00 seq=cmds up=up 0 minute ===
17:29:30.684803485 CMD w32 0x182103c 0x2
17:29:30.715426008 RES w32 0x182103c <= 00000002
=== 2026-09-24T17:29:30-05:00 seq=cmds up=up 0 minute ===
17:29:30.723644220 CMD r32 0x182103c
17:29:30.754206173 RES r32 0x182103c = 00000002
=== 2026-09-24T17:31:06-05:00 seq=cmds up=up 2 minutes ===
[  135.408316] ane_ascdbg: 284000000.ane aperture 0x284000000 mapped, CPU_STATUS=00000028
17:31:07.453268851 CMD r32 0x1400048
17:31:07.477296811 RES r32 0x1400048 = 00000028
17:31:07.478997024 CMD r32 0x1408114
17:31:07.504148901 RES r32 0x1408114 = 00020001
17:31:07.506739794 CMD r32 0x1840064
17:31:07.527866435 RES r32 0x1840064 = 00000000
17:31:07.529821098 CMD d32 0x1840048 8
17:31:07.552740021 RES d32 0x1840048 = 00000000
17:31:07.552740021 RES d32 0x184004c = 00000000
17:31:07.552740021 RES d32 0x1840050 = 00000000
17:31:07.552740021 RES d32 0x1840054 = 00000000
17:31:07.552740021 RES d32 0x1840058 = 00000000
17:31:07.552740021 RES d32 0x184005c = 00000000
17:31:07.552740021 RES d32 0x1840060 = 00000000
17:31:07.552740021 RES d32 0x1840064 = 00000000
17:31:07.555246056 CMD r32 0x180103c
17:31:07.575980330 RES r32 0x180103c = 00000002
17:31:07.577344944 CMD r32 0x181103c
17:31:07.595606943 RES r32 0x181103c = 00000002
17:31:07.597394640 CMD r32 0x182103c
17:31:07.612492493 RES r32 0x182103c = 00000002
17:31:07.613645418 CMD r32 0x1800100
17:31:07.632839070 RES r32 0x1800100 = 00a00000
17:31:07.634385195 CMD r32 0x1810100
17:31:07.654462066 RES r32 0x1810100 = 00f00000
17:31:07.655937337 CMD r32 0x1820100
17:31:07.676194887 RES r32 0x1820100 = 10700000
17:31:07.677883388 CMD r32 0x1800170
17:31:07.701887716 RES r32 0x1800170 = 6fff4f7e
17:31:07.703493900 CMD r32 0x1800174
17:31:07.721612024 RES r32 0x1800174 = 0000033f
=== 2026-09-24T17:41:30-05:00 seq=cmds up=up 12 minutes ===
[  758.706355] ane_ascdbg: 284000000.ane aperture 0x284000000 mapped, CPU_STATUS=00000028
17:41:30.758038714 CMD r32 0x1400048
17:41:30.783141471 RES r32 0x1400048 = 00000028
17:41:30.785426048 CMD pr32 0x2e0
17:41:30.809667292 RES pr32 0x2e0 = 1f0003ff
17:41:30.811280608 CMD pr32 0xd2cc
17:41:30.846662938 RES pr32 0xd2cc = 00000000
17:41:30.848768345 CMD pr32 0xd3cc
17:41:30.876807689 RES pr32 0xd3cc = 00000000
17:41:30.879075057 CMD pr32 0x132cc
17:41:30.897110206 RES pr32 0x132cc = 00000000
17:41:30.898580062 CMD pr32 0x133cc
17:41:30.919134750 RES pr32 0x133cc = 00000000
17:41:30.921581121 CMD pr32 0x1359c
17:41:30.940343156 RES pr32 0x1359c = 00000000
17:41:30.941960014 CMD pr32 0x122dc
17:41:30.962934167 RES pr32 0x122dc = 00000000
=== 2026-09-24T17:51:50-05:00 seq=cmds up=up 22 minutes ===
[ 1378.739859] ane_ascdbg: 284000000.ane aperture 0x284000000 mapped, CPU_STATUS=00000028
17:51:50.799390746 CMD r32 0x1400048
17:51:50.821153250 RES r32 0x1400048 = 00000028
17:51:50.823487393 CMD r64 0x1050000
17:51:50.845110146 RES r64 0x1050000 = 0000010000000001
17:51:50.847061287 CMD pr32 0x2e0
17:51:50.868590581 RES pr32 0x2e0 = 1f0003ff
17:51:50.870993558 CMD pr32 0xd2cc
17:51:50.891255383 RES pr32 0xd2cc = 00000000
17:51:50.892824729 CMD pr32 0xd3cc
17:51:50.919499730 RES pr32 0xd3cc = 00000000
=== boot 17:57:53 PWGATE test
=== 2026-09-24T17:57:53-05:00 seq=cmds up=up 0 minute ===
[   25.855627] ane_ascdbg: 284000000.ane aperture 0x284000000 mapped, CPU_STATUS=0000002a
17:57:53.693512220 CMD r32 0x1400048
17:57:53.718318137 RES r32 0x1400048 = 0000002a
=== 2026-09-24T17:57:53-05:00 seq=cmds up=up 0 minute ===
17:57:53.729083304 CMD r64 0x1050000
17:57:53.749722262 RES r64 0x1050000 = 0000010000000001
=== 2026-09-24T17:57:53-05:00 seq=cmds up=up 0 minute ===
17:57:53.760991137 CMD r32 0x1408114
17:57:53.778143179 RES r32 0x1408114 = 00020001
=== 2026-09-24T17:57:53-05:00 seq=cmds up=up 0 minute ===
17:57:53.788301054 CMD r32 0x1840064
17:57:53.809198470 RES r32 0x1840064 = 00000000
=== 2026-09-24T17:57:53-05:00 seq=cmds up=up 0 minute ===
17:57:53.817731970 CMD r32 0x180103c
17:57:53.851137012 RES r32 0x180103c = 00000000
=== 2026-09-24T17:57:53-05:00 seq=cmds up=up 0 minute ===
17:57:53.860479387 CMD r32 0x1801000
17:57:53.881495595 RES r32 0x1801000 = 00000009
=== 2026-09-24T17:57:53-05:00 seq=cmds up=up 0 minute ===
17:57:53.888382554 CMD r32 0x1801400
17:57:53.906719804 RES r32 0x1801400 = 1000e0c9
=== 2026-09-24T17:57:53-05:00 seq=cmds up=up 0 minute ===
17:57:53.915333137 CMD r32 0x1800100
17:57:53.929266387 RES r32 0x1800100 = 00a00000
=== 2026-09-24T17:57:53-05:00 seq=cmds up=up 0 minute ===
17:57:53.938803762 CMD r32 0x1800c00
17:57:53.963772845 RES r32 0x1800c00 = 0000ffff
=== 2026-09-24T17:57:53-05:00 seq=cmds up=up 0 minute ===
17:57:53.973354095 CMD r32 0x181103c
17:57:53.988599012 RES r32 0x181103c = 00000000
=== 2026-09-24T17:57:53-05:00 seq=cmds up=up 0 minute ===
17:57:54.001173929 CMD r32 0x1811000
17:57:54.030626179 RES r32 0x1811000 = 00000009
=== 2026-09-24T17:57:54-05:00 seq=cmds up=up 0 minute ===
17:57:54.039830512 CMD r32 0x1811400
17:57:54.056624804 RES r32 0x1811400 = 1000e0c9
=== 2026-09-24T17:57:54-05:00 seq=cmds up=up 0 minute ===
17:57:54.065423096 CMD r32 0x1810100
17:57:54.082027762 RES r32 0x1810100 = 00f00000
=== 2026-09-24T17:57:54-05:00 seq=cmds up=up 0 minute ===
17:57:54.095142512 CMD r32 0x1810c00
17:57:54.113552804 RES r32 0x1810c00 = 0000ffff
=== 2026-09-24T17:57:54-05:00 seq=cmds up=up 0 minute ===
17:57:54.124311596 CMD r32 0x182103c
17:57:54.141261512 RES r32 0x182103c = 00000000
=== 2026-09-24T17:57:54-05:00 seq=cmds up=up 0 minute ===
17:57:54.153993721 CMD r32 0x1821000
17:57:54.180661596 RES r32 0x1821000 = 00000009
=== 2026-09-24T17:57:54-05:00 seq=cmds up=up 0 minute ===
17:57:54.190578929 CMD r32 0x1821400
17:57:54.215561262 RES r32 0x1821400 = 1000e0c9
=== 2026-09-24T17:57:54-05:00 seq=cmds up=up 0 minute ===
17:57:54.224638971 CMD r32 0x1820100
17:57:54.241887721 RES r32 0x1820100 = 10700000
=== 2026-09-24T17:57:54-05:00 seq=cmds up=up 0 minute ===
17:57:54.252894929 CMD r32 0x1820c00
17:57:54.273450471 RES r32 0x1820c00 = 0000ffff
=== 2026-09-24T17:57:54-05:00 seq=cmds up=up 0 minute ===
17:57:54.284199012 CMD w32 0x180103c 0x2
17:57:54.301691387 RES w32 0x180103c <= 00000002
=== 2026-09-24T17:57:54-05:00 seq=cmds up=up 0 minute ===
17:57:54.307448262 CMD r32 0x180103c
17:57:54.323626596 RES r32 0x180103c = 00000002
=== 2026-09-24T17:57:54-05:00 seq=cmds up=up 0 minute ===
17:57:54.333516012 CMD w32 0x181103c 0x2
17:57:54.354515679 RES w32 0x181103c <= 00000002
=== 2026-09-24T17:57:54-05:00 seq=cmds up=up 0 minute ===
17:57:54.361611179 CMD r32 0x181103c
17:57:54.382803721 RES r32 0x181103c = 00000002
=== 2026-09-24T17:57:54-05:00 seq=cmds up=up 0 minute ===
17:57:54.392618637 CMD w32 0x182103c 0x2
17:57:54.421101971 RES w32 0x182103c <= 00000002
=== 2026-09-24T17:57:54-05:00 seq=cmds up=up 0 minute ===
17:57:54.432233512 CMD r32 0x182103c
17:57:54.463240179 RES r32 0x182103c = 00000002
=== 2026-09-24T17:57:54-05:00 seq=cmds up=up 0 minute ===
[   27.175878] ane_ascdbg: 284000000.ane aperture 0x284000000 mapped, CPU_STATUS=0000002a
17:57:55.012864763 CMD pr32 0x2e0
17:57:55.034539304 RES pr32 0x2e0 = 1f0003ff
17:57:55.036309929 CMD pr32 0xd2cc
17:57:55.068767429 RES pr32 0xd2cc = 00000000
17:57:55.070749888 CMD pr32 0xd3cc
17:57:55.094256388 RES pr32 0xd3cc = 00000000
=== 2026-09-24T18:04:39-05:00 seq=cmds up=up 7 minutes ===
[  431.478115] ane_ascdbg: 284000000.ane aperture 0x284000000 mapped, CPU_STATUS=00000028
18:04:39.572608007 CMD pr32 0x2e0
18:04:39.591906203 RES pr32 0x2e0 = 1f0003ff
18:04:39.593907091 CMD pr32 0x8000
18:04:39.623544155 RES pr32 0x8000 = 0000000f
18:04:39.625913470 CMD pr32 0x8008
18:04:39.646391699 RES pr32 0x8008 = 0000002f
18:04:39.648198248 CMD pr32 0x8010
18:04:39.675463455 RES pr32 0x8010 = 0000002f
18:04:39.678477663 CMD pr32 0x8018
18:04:39.709726687 RES pr32 0x8018 = 0000002f
18:04:39.711550154 CMD pr32 0x8020
18:04:39.732882864 RES pr32 0x8020 = 00000000
18:04:39.734611203 CMD pr32 0xd2cc
18:04:39.755064098 RES pr32 0xd2cc = 00000000
18:04:39.757663920 CMD pr32 0xd3cc
18:04:39.778479908 RES pr32 0xd3cc = 00000000
=== boot 18:08:37 ordered PWGATE
=== 2026-09-24T18:08:37-05:00 seq=cmds up=up 0 minute ===
[   31.795666] ane_ascdbg: 284000000.ane aperture 0x284000000 mapped, CPU_STATUS=0000002a
18:08:37.636590098 CMD r32 0x1400048
18:08:37.667897640 RES r32 0x1400048 = 0000002a
=== 2026-09-24T18:08:37-05:00 seq=cmds up=up 0 minute ===
18:08:37.679825890 CMD pr32 0x2e0
18:08:37.700044765 RES pr32 0x2e0 = 1f0003ff
=== 2026-09-24T18:08:37-05:00 seq=cmds up=up 0 minute ===
18:08:37.711704140 CMD pr32 0x8000
18:08:37.729936348 RES pr32 0x8000 = 0000000f
=== 2026-09-24T18:08:37-05:00 seq=cmds up=up 0 minute ===
18:08:37.740750182 CMD pr32 0x8008
18:08:37.770430015 RES pr32 0x8008 = 0000002f
=== 2026-09-24T18:08:37-05:00 seq=cmds up=up 0 minute ===
18:08:37.777455890 CMD pr32 0x8010
18:08:37.796111432 RES pr32 0x8010 = 0000002f
=== 2026-09-24T18:08:37-05:00 seq=cmds up=up 0 minute ===
18:08:37.802393307 CMD pr32 0x8018
18:08:37.819747598 RES pr32 0x8018 = 0000002f
=== 2026-09-24T18:08:37-05:00 seq=cmds up=up 0 minute ===
18:08:37.825889890 CMD pr32 0x8020
18:08:37.842697057 RES pr32 0x8020 = 00000000
=== 2026-09-24T18:08:37-05:00 seq=cmds up=up 0 minute ===
18:08:37.849634348 CMD pr32 0xd2cc
18:08:37.867795265 RES pr32 0xd2cc = 00000000
=== 2026-09-24T18:08:37-05:00 seq=cmds up=up 0 minute ===
18:08:37.877429098 CMD pr32 0xd3cc
18:08:37.896560140 RES pr32 0xd3cc = 00000000
=== 2026-09-24T18:08:37-05:00 seq=cmds up=up 0 minute ===
18:08:37.904936765 CMD w32 0x180103c 0x2
18:08:37.932057473 RES w32 0x180103c <= 00000002
=== 2026-09-24T18:08:37-05:00 seq=cmds up=up 0 minute ===
18:08:37.941374057 CMD r32 0x180103c
18:08:37.955180890 RES r32 0x180103c = 00000002
=== 2026-09-24T18:08:37-05:00 seq=cmds up=up 0 minute ===
18:08:37.967049140 CMD w32 0x181103c 0x2
18:08:37.987882973 RES w32 0x181103c <= 00000002
=== 2026-09-24T18:08:37-05:00 seq=cmds up=up 0 minute ===
18:08:37.994517640 CMD r32 0x181103c
18:08:38.019630057 RES r32 0x181103c = 00000002
=== 2026-09-24T18:08:38-05:00 seq=cmds up=up 0 minute ===
18:08:38.025946223 CMD w32 0x182103c 0x2
18:08:38.052840682 RES w32 0x182103c <= 00000002
=== 2026-09-24T18:08:38-05:00 seq=cmds up=up 0 minute ===
18:08:38.064347765 CMD r32 0x182103c
18:08:38.087625140 RES r32 0x182103c = 00000002
=== 2026-09-24T18:08:38-05:00 seq=cmds up=up 0 minute ===
18:08:38.093834057 CMD pw32 0x8008 0xf
18:08:38.122040723 RES pw32 0x8008 <= 0000000f
=== 2026-09-24T18:08:38-05:00 seq=cmds up=up 0 minute ===
18:08:38.131366182 CMD pr32 0x8008
18:08:38.148727348 RES pr32 0x8008 = 0000002f
=== 2026-09-24T18:08:38-05:00 seq=cmds up=up 0 minute ===
18:08:38.158049307 CMD pr32 0x8008
18:08:38.175031140 RES pr32 0x8008 = 0000002f
=== 2026-09-24T18:08:38-05:00 seq=cmds up=up 0 minute ===
18:08:38.183465098 CMD pr32 0x8008
18:08:38.202758848 RES pr32 0x8008 = 0000002f
=== 2026-09-24T18:08:38-05:00 seq=cmds up=up 0 minute ===
18:08:38.211219807 CMD pr32 0x8008
18:08:38.228456223 RES pr32 0x8008 = 0000002f
=== 2026-09-24T18:08:38-05:00 seq=cmds up=up 0 minute ===
18:08:38.235880140 CMD pr32 0x8008
18:08:38.256356265 RES pr32 0x8008 = 0000002f
=== 2026-09-24T18:08:38-05:00 seq=cmds up=up 0 minute ===
18:08:38.264231348 CMD pr32 0x8008
18:08:38.281766223 RES pr32 0x8008 = 0000002f
=== 2026-09-24T18:08:38-05:00 seq=cmds up=up 0 minute ===
18:08:38.288448640 CMD pr32 0x8008
18:08:38.305922765 RES pr32 0x8008 = 0000002f
=== 2026-09-24T18:08:38-05:00 seq=cmds up=up 0 minute ===
18:08:38.313045723 CMD pr32 0x8008
18:08:38.341957973 RES pr32 0x8008 = 0000002f
=== 2026-09-24T18:08:38-05:00 seq=cmds up=up 0 minute ===
18:08:38.349716390 CMD pr32 0x8008
18:08:38.372217765 RES pr32 0x8008 = 0000002f
=== 2026-09-24T18:08:38-05:00 seq=cmds up=up 0 minute ===
18:08:38.380173724 CMD pr32 0x8008
18:08:38.400499349 RES pr32 0x8008 = 0000002f
=== 2026-09-24T18:08:38-05:00 seq=cmds up=up 0 minute ===
18:08:38.407380849 CMD pr32 0x8008
18:08:38.421351515 RES pr32 0x8008 = 0000002f
=== 2026-09-24T18:08:38-05:00 seq=cmds up=up 0 minute ===
18:08:38.429626265 CMD pr32 0x8008
18:08:38.445938974 RES pr32 0x8008 = 0000002f
=== 2026-09-24T18:08:38-05:00 seq=cmds up=up 0 minute ===
18:08:38.453978849 CMD pr32 0x8008
18:08:38.470559474 RES pr32 0x8008 = 0000002f
=== 2026-09-24T18:08:38-05:00 seq=cmds up=up 0 minute ===
18:08:38.477523807 CMD pr32 0x8008
18:08:38.492359849 RES pr32 0x8008 = 0000002f
=== 2026-09-24T18:08:38-05:00 seq=cmds up=up 0 minute ===
18:08:38.499405474 CMD pr32 0x8008
18:08:38.515809807 RES pr32 0x8008 = 0000002f
=== 2026-09-24T18:08:38-05:00 seq=cmds up=up 0 minute ===
18:08:38.525258724 CMD pr32 0x8008
18:08:38.541768432 RES pr32 0x8008 = 0000002f
=== 2026-09-24T18:08:38-05:00 seq=cmds up=up 0 minute ===
18:08:38.549603432 CMD pr32 0x8008
18:08:38.567104390 RES pr32 0x8008 = 0000002f
=== 2026-09-24T18:08:38-05:00 seq=cmds up=up 0 minute ===
18:08:38.575312724 CMD pr32 0x8008
18:08:38.589306890 RES pr32 0x8008 = 0000002f
=== 2026-09-24T18:08:38-05:00 seq=cmds up=up 0 minute ===
18:08:38.594733390 CMD pr32 0x8008
18:08:38.618965474 RES pr32 0x8008 = 0000002f
=== 2026-09-24T18:08:38-05:00 seq=cmds up=up 0 minute ===
18:08:38.626090015 CMD pr32 0x8008
18:08:38.647711182 RES pr32 0x8008 = 0000002f
=== 2026-09-24T18:08:38-05:00 seq=cmds up=up 0 minute ===
18:08:38.654780682 CMD pr32 0x8008
18:08:38.668467432 RES pr32 0x8008 = 0000002f
=== 2026-09-24T18:08:38-05:00 seq=cmds up=up 0 minute ===
18:08:38.676150932 CMD pr32 0x8008
18:08:38.690236015 RES pr32 0x8008 = 0000002f
=== 2026-09-24T18:08:38-05:00 seq=cmds up=up 0 minute ===
18:08:38.698109765 CMD pr32 0x8008
18:08:38.723261599 RES pr32 0x8008 = 0000002f
=== 2026-09-24T18:08:38-05:00 seq=cmds up=up 0 minute ===
18:08:38.730554474 CMD pr32 0x8008
18:08:38.751665640 RES pr32 0x8008 = 0000002f
=== 2026-09-24T18:08:38-05:00 seq=cmds up=up 0 minute ===
18:08:38.759064515 CMD pr32 0x8008
18:08:38.783889932 RES pr32 0x8008 = 0000002f
=== 2026-09-24T18:08:38-05:00 seq=cmds up=up 0 minute ===
18:08:38.792454640 CMD pr32 0x8008
18:08:38.811874307 RES pr32 0x8008 = 0000002f
=== 2026-09-24T18:08:38-05:00 seq=cmds up=up 0 minute ===
18:08:38.818759724 CMD pr32 0x8008
18:08:38.841496974 RES pr32 0x8008 = 0000002f
=== 2026-09-24T18:08:38-05:00 seq=cmds up=up 0 minute ===
18:08:38.849158307 CMD pr32 0x8008
18:08:38.873528890 RES pr32 0x8008 = 0000002f
=== 2026-09-24T18:08:38-05:00 seq=cmds up=up 0 minute ===
18:08:38.880086390 CMD pr32 0x8008
18:08:38.895981724 RES pr32 0x8008 = 0000002f
=== 2026-09-24T18:08:38-05:00 seq=cmds up=up 0 minute ===
18:08:38.902768349 CMD pr32 0x8008
18:08:38.918488515 RES pr32 0x8008 = 0000002f
=== 2026-09-24T18:08:38-05:00 seq=cmds up=up 0 minute ===
18:08:38.927402057 CMD pr32 0x8008
18:08:38.941124807 RES pr32 0x8008 = 0000002f
=== 2026-09-24T18:08:38-05:00 seq=cmds up=up 0 minute ===
18:08:38.948826474 CMD pr32 0x8008
18:08:38.968712057 RES pr32 0x8008 = 0000002f
=== 2026-09-24T18:08:38-05:00 seq=cmds up=up 0 minute ===
18:08:38.976942015 CMD pr32 0x8008
18:08:38.994860849 RES pr32 0x8008 = 0000002f
=== 2026-09-24T18:08:38-05:00 seq=cmds up=up 0 minute ===
18:08:39.003125724 CMD pr32 0x8008
18:08:39.020556307 RES pr32 0x8008 = 0000002f
=== 2026-09-24T18:08:39-05:00 seq=cmds up=up 0 minute ===
18:08:39.027676057 CMD pr32 0x8008
18:08:39.046682015 RES pr32 0x8008 = 0000002f
=== 2026-09-24T18:08:39-05:00 seq=cmds up=up 0 minute ===
18:08:39.055632932 CMD pr32 0x8008
18:08:39.071678307 RES pr32 0x8008 = 0000002f
=== 2026-09-24T18:08:39-05:00 seq=cmds up=up 0 minute ===
18:08:39.078762807 CMD pr32 0x8008
18:08:39.099648474 RES pr32 0x8008 = 0000002f
=== 2026-09-24T18:08:39-05:00 seq=cmds up=up 0 minute ===
18:08:39.107917932 CMD pr32 0x8008
18:08:39.138778016 RES pr32 0x8008 = 0000002f
=== 2026-09-24T18:08:39-05:00 seq=cmds up=up 0 minute ===
18:08:39.146530807 CMD pr32 0x8008
18:08:39.165959474 RES pr32 0x8008 = 0000002f
=== 2026-09-24T18:08:39-05:00 seq=cmds up=up 0 minute ===
18:08:39.173994682 CMD pr32 0x8008
18:08:39.192778599 RES pr32 0x8008 = 0000002f
=== 2026-09-24T18:08:39-05:00 seq=cmds up=up 0 minute ===
18:08:39.200739432 CMD pr32 0x8008
18:08:39.217995974 RES pr32 0x8008 = 0000002f
=== 2026-09-24T18:08:39-05:00 seq=cmds up=up 0 minute ===
18:08:39.227565641 CMD pr32 0x8008
18:08:39.246463432 RES pr32 0x8008 = 0000002f
=== 2026-09-24T18:08:39-05:00 seq=cmds up=up 0 minute ===
18:08:39.253671266 CMD pr32 0x8008
18:08:39.274654016 RES pr32 0x8008 = 0000002f
=== 2026-09-24T18:08:39-05:00 seq=cmds up=up 0 minute ===
18:08:39.283155641 CMD pr32 0x8008
18:08:39.296061849 RES pr32 0x8008 = 0000002f
=== 2026-09-24T18:08:39-05:00 seq=cmds up=up 0 minute ===
18:08:39.302576849 CMD pr32 0x8008
18:08:39.322126641 RES pr32 0x8008 = 0000002f
=== 2026-09-24T18:08:39-05:00 seq=cmds up=up 0 minute ===
18:08:39.330504932 CMD pr32 0x8008
18:08:39.348453432 RES pr32 0x8008 = 0000002f
=== 2026-09-24T18:08:39-05:00 seq=cmds up=up 0 minute ===
18:08:39.356643307 CMD pr32 0x8008
18:08:39.374740766 RES pr32 0x8008 = 0000002f
=== 2026-09-24T18:08:39-05:00 seq=cmds up=up 0 minute ===
18:08:39.382349432 CMD pr32 0x8008
18:08:39.397592557 RES pr32 0x8008 = 0000002f
=== 2026-09-24T18:08:39-05:00 seq=cmds up=up 0 minute ===
18:08:39.404155516 CMD pr32 0x8008
18:08:39.422206141 RES pr32 0x8008 = 0000002f
=== 2026-09-24T18:08:39-05:00 seq=cmds up=up 0 minute ===
18:08:39.427715099 CMD pr32 0x8008
18:08:39.441097182 RES pr32 0x8008 = 0000002f
=== 2026-09-24T18:08:39-05:00 seq=cmds up=up 0 minute ===
18:08:39.450308141 CMD pw32 0x8010 0xf
18:08:39.481930807 RES pw32 0x8010 <= 0000000f
=== 2026-09-24T18:08:39-05:00 seq=cmds up=up 0 minute ===
18:08:39.489596807 CMD pr32 0x8010
18:08:39.510307474 RES pr32 0x8010 = 0000002f
=== 2026-09-24T18:08:39-05:00 seq=cmds up=up 0 minute ===
18:08:39.518513891 CMD pr32 0x8010
18:08:39.534737182 RES pr32 0x8010 = 0000002f
=== 2026-09-24T18:08:39-05:00 seq=cmds up=up 0 minute ===
18:08:39.542536974 CMD pr32 0x8010
18:08:39.556934057 RES pr32 0x8010 = 0000002f
=== 2026-09-24T18:08:39-05:00 seq=cmds up=up 0 minute ===
18:08:39.564420974 CMD pr32 0x8010
18:08:39.581713391 RES pr32 0x8010 = 0000002f
=== 2026-09-24T18:08:39-05:00 seq=cmds up=up 0 minute ===
18:08:39.588333641 CMD pr32 0x8010
18:08:39.612282849 RES pr32 0x8010 = 0000002f
=== 2026-09-24T18:08:39-05:00 seq=cmds up=up 0 minute ===
18:08:39.618812099 CMD pr32 0x8010
18:08:39.632385766 RES pr32 0x8010 = 0000002f
=== 2026-09-24T18:08:39-05:00 seq=cmds up=up 0 minute ===
18:08:39.639304682 CMD pr32 0x8010
18:08:39.660133724 RES pr32 0x8010 = 0000002f
=== 2026-09-24T18:08:39-05:00 seq=cmds up=up 0 minute ===
18:08:39.668682932 CMD pr32 0x8010
18:08:39.687836557 RES pr32 0x8010 = 0000002f
=== 2026-09-24T18:08:39-05:00 seq=cmds up=up 0 minute ===
18:08:39.696974766 CMD pr32 0x8010
18:08:39.716294724 RES pr32 0x8010 = 0000002f
=== 2026-09-24T18:08:39-05:00 seq=cmds up=up 0 minute ===
18:08:39.725367641 CMD pr32 0x8010
18:08:39.742580849 RES pr32 0x8010 = 0000002f
=== 2026-09-24T18:08:39-05:00 seq=cmds up=up 0 minute ===
18:08:39.751369391 CMD pr32 0x8010
18:08:39.765564474 RES pr32 0x8010 = 0000002f
=== 2026-09-24T18:08:39-05:00 seq=cmds up=up 0 minute ===
18:08:39.773356099 CMD pr32 0x8010
18:08:39.790723766 RES pr32 0x8010 = 0000002f
=== 2026-09-24T18:08:39-05:00 seq=cmds up=up 0 minute ===
18:08:39.798075058 CMD pr32 0x8010
18:08:39.816782391 RES pr32 0x8010 = 0000002f
=== 2026-09-24T18:08:39-05:00 seq=cmds up=up 0 minute ===
18:08:39.823438891 CMD pr32 0x8010
18:08:39.839976474 RES pr32 0x8010 = 0000002f
=== 2026-09-24T18:08:39-05:00 seq=cmds up=up 0 minute ===
18:08:39.849348599 CMD pr32 0x8010
18:08:39.879584266 RES pr32 0x8010 = 0000002f
=== 2026-09-24T18:08:39-05:00 seq=cmds up=up 0 minute ===
18:08:39.887815808 CMD pr32 0x8010
18:08:39.907319516 RES pr32 0x8010 = 0000002f
=== 2026-09-24T18:08:39-05:00 seq=cmds up=up 0 minute ===
18:08:39.915094474 CMD pr32 0x8010
18:08:39.930894599 RES pr32 0x8010 = 0000002f
=== 2026-09-24T18:08:39-05:00 seq=cmds up=up 0 minute ===
18:08:39.939164391 CMD pr32 0x8010
18:08:39.957617058 RES pr32 0x8010 = 0000002f
=== 2026-09-24T18:08:39-05:00 seq=cmds up=up 0 minute ===
18:08:39.965903849 CMD pr32 0x8010
18:08:39.984978349 RES pr32 0x8010 = 0000002f
=== 2026-09-24T18:08:39-05:00 seq=cmds up=up 0 minute ===
18:08:39.993346058 CMD pr32 0x8010
18:08:40.012500933 RES pr32 0x8010 = 0000002f
=== 2026-09-24T18:08:40-05:00 seq=cmds up=up 0 minute ===
18:08:40.020088391 CMD pr32 0x8010
18:08:40.034587766 RES pr32 0x8010 = 0000002f
=== 2026-09-24T18:08:40-05:00 seq=cmds up=up 0 minute ===
18:08:40.041509308 CMD pr32 0x8010
18:08:40.064027724 RES pr32 0x8010 = 0000002f
=== 2026-09-24T18:08:40-05:00 seq=cmds up=up 0 minute ===
18:08:40.071001599 CMD pr32 0x8010
18:08:40.083490849 RES pr32 0x8010 = 0000002f
=== 2026-09-24T18:08:40-05:00 seq=cmds up=up 0 minute ===
18:08:40.091616683 CMD pr32 0x8010
18:08:40.108109891 RES pr32 0x8010 = 0000002f
=== 2026-09-24T18:08:40-05:00 seq=cmds up=up 0 minute ===
18:08:40.114715099 CMD pr32 0x8010
18:08:40.136632308 RES pr32 0x8010 = 0000002f
=== 2026-09-24T18:08:40-05:00 seq=cmds up=up 0 minute ===
18:08:40.144288558 CMD pr32 0x8010
18:08:40.162691933 RES pr32 0x8010 = 0000002f
=== 2026-09-24T18:08:40-05:00 seq=cmds up=up 0 minute ===
18:08:40.170305849 CMD pr32 0x8010
18:08:40.186140141 RES pr32 0x8010 = 0000002f
=== 2026-09-24T18:08:40-05:00 seq=cmds up=up 0 minute ===
18:08:40.194488474 CMD pr32 0x8010
18:08:40.211310016 RES pr32 0x8010 = 0000002f
=== 2026-09-24T18:08:40-05:00 seq=cmds up=up 0 minute ===
18:08:40.221026641 CMD pr32 0x8010
18:08:40.237196724 RES pr32 0x8010 = 0000002f
=== 2026-09-24T18:08:40-05:00 seq=cmds up=up 0 minute ===
18:08:40.245453641 CMD pr32 0x8010
18:08:40.264124933 RES pr32 0x8010 = 0000002f
=== 2026-09-24T18:08:40-05:00 seq=cmds up=up 0 minute ===
18:08:40.270274933 CMD pr32 0x8010
18:08:40.286903224 RES pr32 0x8010 = 0000002f
=== 2026-09-24T18:08:40-05:00 seq=cmds up=up 0 minute ===
18:08:40.294246308 CMD pr32 0x8010
18:08:40.311705016 RES pr32 0x8010 = 0000002f
=== 2026-09-24T18:08:40-05:00 seq=cmds up=up 0 minute ===
18:08:40.318405058 CMD pr32 0x8010
18:08:40.332615308 RES pr32 0x8010 = 0000002f
=== 2026-09-24T18:08:40-05:00 seq=cmds up=up 0 minute ===
18:08:40.338078099 CMD pr32 0x8010
18:08:40.358637974 RES pr32 0x8010 = 0000002f
=== 2026-09-24T18:08:40-05:00 seq=cmds up=up 0 minute ===
18:08:40.365655683 CMD pr32 0x8010
18:08:40.382370849 RES pr32 0x8010 = 0000002f
=== 2026-09-24T18:08:40-05:00 seq=cmds up=up 0 minute ===
18:08:40.389925849 CMD pr32 0x8010
18:08:40.406216099 RES pr32 0x8010 = 0000002f
=== 2026-09-24T18:08:40-05:00 seq=cmds up=up 0 minute ===
18:08:40.413493849 CMD pr32 0x8010
18:08:40.432071683 RES pr32 0x8010 = 0000002f
=== 2026-09-24T18:08:40-05:00 seq=cmds up=up 0 minute ===
18:08:40.438980808 CMD pr32 0x8010
18:08:40.454436100 RES pr32 0x8010 = 0000002f
=== 2026-09-24T18:08:40-05:00 seq=cmds up=up 0 minute ===
18:08:40.461749350 CMD pr32 0x8010
18:08:40.482421641 RES pr32 0x8010 = 0000002f
=== 2026-09-24T18:08:40-05:00 seq=cmds up=up 0 minute ===
18:08:40.489062016 CMD pr32 0x8010
18:08:40.505907308 RES pr32 0x8010 = 0000002f
=== 2026-09-24T18:08:40-05:00 seq=cmds up=up 0 minute ===
18:08:40.512566766 CMD pr32 0x8010
18:08:40.530990058 RES pr32 0x8010 = 0000002f
=== 2026-09-24T18:08:40-05:00 seq=cmds up=up 0 minute ===
18:08:40.537988891 CMD pr32 0x8010
18:08:40.558360641 RES pr32 0x8010 = 0000002f
=== 2026-09-24T18:08:40-05:00 seq=cmds up=up 0 minute ===
18:08:40.566421391 CMD pr32 0x8010
18:08:40.582052891 RES pr32 0x8010 = 0000002f
=== 2026-09-24T18:08:40-05:00 seq=cmds up=up 0 minute ===
18:08:40.590080141 CMD pr32 0x8010
18:08:40.605975600 RES pr32 0x8010 = 0000002f
=== 2026-09-24T18:08:40-05:00 seq=cmds up=up 0 minute ===
18:08:40.614652891 CMD pr32 0x8010
18:08:40.634320558 RES pr32 0x8010 = 0000002f
=== 2026-09-24T18:08:40-05:00 seq=cmds up=up 0 minute ===
18:08:40.641602141 CMD pr32 0x8010
18:08:40.659864058 RES pr32 0x8010 = 0000002f
=== 2026-09-24T18:08:40-05:00 seq=cmds up=up 0 minute ===
18:08:40.667367350 CMD pr32 0x8010
18:08:40.692239933 RES pr32 0x8010 = 0000002f
=== 2026-09-24T18:08:40-05:00 seq=cmds up=up 0 minute ===
18:08:40.701639058 CMD pr32 0x8010
18:08:40.720501183 RES pr32 0x8010 = 0000002f
=== 2026-09-24T18:08:40-05:00 seq=cmds up=up 0 minute ===
18:08:40.727506683 CMD pr32 0x8010
18:08:40.750840141 RES pr32 0x8010 = 0000002f
=== 2026-09-24T18:08:40-05:00 seq=cmds up=up 0 minute ===
18:08:40.759706225 CMD pr32 0x8010
18:08:40.780629641 RES pr32 0x8010 = 0000002f
=== 2026-09-24T18:08:40-05:00 seq=cmds up=up 0 minute ===
18:08:40.791224225 CMD pw32 0x8018 0xf
18:08:40.817331975 RES pw32 0x8018 <= 0000000f
=== 2026-09-24T18:08:40-05:00 seq=cmds up=up 0 minute ===
18:08:40.825247933 CMD pr32 0x8018
18:08:40.839117766 RES pr32 0x8018 = 0000002f
=== 2026-09-24T18:08:40-05:00 seq=cmds up=up 0 minute ===
18:08:40.845735475 CMD pr32 0x8018
18:08:40.869358308 RES pr32 0x8018 = 0000002f
=== 2026-09-24T18:08:40-05:00 seq=cmds up=up 0 minute ===
18:08:40.876845516 CMD pr32 0x8018
18:08:40.896920766 RES pr32 0x8018 = 0000002f
=== 2026-09-24T18:08:40-05:00 seq=cmds up=up 0 minute ===
18:08:40.903750308 CMD pr32 0x8018
18:08:40.926983266 RES pr32 0x8018 = 0000002f
=== 2026-09-24T18:08:40-05:00 seq=cmds up=up 0 minute ===
18:08:40.933933391 CMD pr32 0x8018
18:08:40.955721058 RES pr32 0x8018 = 0000002f
=== 2026-09-24T18:08:40-05:00 seq=cmds up=up 0 minute ===
18:08:40.963058600 CMD pr32 0x8018
18:08:40.986313641 RES pr32 0x8018 = 0000002f
=== 2026-09-24T18:08:40-05:00 seq=cmds up=up 0 minute ===
18:08:40.994114558 CMD pr32 0x8018
18:08:41.013363151 RES pr32 0x8018 = 0000002f
=== 2026-09-24T18:08:41-05:00 seq=cmds up=up 0 minute ===
18:08:41.021695712 CMD pr32 0x8018
18:08:41.041629989 RES pr32 0x8018 = 0000002f
=== 2026-09-24T18:08:41-05:00 seq=cmds up=up 0 minute ===
18:08:41.049165813 CMD pr32 0x8018
18:08:41.070115304 RES pr32 0x8018 = 0000002f
=== 2026-09-24T18:08:41-05:00 seq=cmds up=up 0 minute ===
18:08:41.078230603 CMD pr32 0x8018
18:08:41.093778549 RES pr32 0x8018 = 0000002f
=== 2026-09-24T18:08:41-05:00 seq=cmds up=up 0 minute ===
18:08:41.100178951 CMD pr32 0x8018
18:08:41.120793072 RES pr32 0x8018 = 0000002f
=== 2026-09-24T18:08:41-05:00 seq=cmds up=up 0 minute ===
18:08:41.127906326 CMD pr32 0x8018
18:08:41.143649723 RES pr32 0x8018 = 0000002f
=== 2026-09-24T18:08:41-05:00 seq=cmds up=up 0 minute ===
18:08:41.150359073 CMD pr32 0x8018
18:08:41.168634823 RES pr32 0x8018 = 0000002f
=== 2026-09-24T18:08:41-05:00 seq=cmds up=up 0 minute ===
18:08:41.174990054 CMD pr32 0x8018
18:08:41.189646934 RES pr32 0x8018 = 0000002f
=== 2026-09-24T18:08:41-05:00 seq=cmds up=up 0 minute ===
18:08:41.196832204 CMD pr32 0x8018
18:08:41.214834029 RES pr32 0x8018 = 0000002f
=== 2026-09-24T18:08:41-05:00 seq=cmds up=up 0 minute ===
18:08:41.224408293 CMD pr32 0x8018
18:08:41.240481399 RES pr32 0x8018 = 0000002f
=== 2026-09-24T18:08:41-05:00 seq=cmds up=up 0 minute ===
18:08:41.248866723 CMD pr32 0x8018
18:08:41.264759225 RES pr32 0x8018 = 0000002f
=== 2026-09-24T18:08:41-05:00 seq=cmds up=up 0 minute ===
18:08:41.273031138 CMD pr32 0x8018
18:08:41.288728985 RES pr32 0x8018 = 0000002f
=== 2026-09-24T18:08:41-05:00 seq=cmds up=up 0 minute ===
18:08:41.296059166 CMD pr32 0x8018
18:08:41.312011310 RES pr32 0x8018 = 0000002f
=== 2026-09-24T18:08:41-05:00 seq=cmds up=up 0 minute ===
18:08:41.318395313 CMD pr32 0x8018
18:08:41.336606849 RES pr32 0x8018 = 0000002f
=== 2026-09-24T18:08:41-05:00 seq=cmds up=up 0 minute ===
18:08:41.344552240 CMD pr32 0x8018
18:08:41.364476409 RES pr32 0x8018 = 0000002f
=== 2026-09-24T18:08:41-05:00 seq=cmds up=up 0 minute ===
18:08:41.371362504 CMD pr32 0x8018
18:08:41.388925737 RES pr32 0x8018 = 0000002f
=== 2026-09-24T18:08:41-05:00 seq=cmds up=up 0 minute ===
18:08:41.396843824 CMD pr32 0x8018
18:08:41.417793525 RES pr32 0x8018 = 0000002f
=== 2026-09-24T18:08:41-05:00 seq=cmds up=up 0 minute ===
18:08:41.425603274 CMD pr32 0x8018
18:08:41.439364602 RES pr32 0x8018 = 0000002f
=== 2026-09-24T18:08:41-05:00 seq=cmds up=up 0 minute ===
18:08:41.446214291 CMD pr32 0x8018
18:08:41.467767542 RES pr32 0x8018 = 0000002f
=== 2026-09-24T18:08:41-05:00 seq=cmds up=up 0 minute ===
18:08:41.475220782 CMD pr32 0x8018
18:08:41.492185665 RES pr32 0x8018 = 0000002f
=== 2026-09-24T18:08:41-05:00 seq=cmds up=up 0 minute ===
18:08:41.499959261 CMD pr32 0x8018
18:08:41.517617158 RES pr32 0x8018 = 0000002f
=== 2026-09-24T18:08:41-05:00 seq=cmds up=up 0 minute ===
18:08:41.525721175 CMD pr32 0x8018
18:08:41.544872807 RES pr32 0x8018 = 0000002f
=== 2026-09-24T18:08:41-05:00 seq=cmds up=up 0 minute ===
18:08:41.553658178 CMD pr32 0x8018
18:08:41.574300274 RES pr32 0x8018 = 0000002f
=== 2026-09-24T18:08:41-05:00 seq=cmds up=up 0 minute ===
18:08:41.581116661 CMD pr32 0x8018
18:08:41.593041542 RES pr32 0x8018 = 0000002f
=== 2026-09-24T18:08:41-05:00 seq=cmds up=up 0 minute ===
18:08:41.600888159 CMD pr32 0x8018
18:08:41.620863035 RES pr32 0x8018 = 0000002f
=== 2026-09-24T18:08:41-05:00 seq=cmds up=up 0 minute ===
18:08:41.627178673 CMD pr32 0x8018
18:08:41.644688681 RES pr32 0x8018 = 0000002f
=== 2026-09-24T18:08:41-05:00 seq=cmds up=up 0 minute ===
18:08:41.651177498 CMD pr32 0x8018
18:08:41.672968143 RES pr32 0x8018 = 0000002f
=== 2026-09-24T18:08:41-05:00 seq=cmds up=up 0 minute ===
18:08:41.681642283 CMD pr32 0x8018
18:08:41.696997923 RES pr32 0x8018 = 0000002f
=== 2026-09-24T18:08:41-05:00 seq=cmds up=up 0 minute ===
18:08:41.704599093 CMD pr32 0x8018
18:08:41.721093006 RES pr32 0x8018 = 0000002f
=== 2026-09-24T18:08:41-05:00 seq=cmds up=up 0 minute ===
18:08:41.729638634 CMD pr32 0x8018
18:08:41.752718000 RES pr32 0x8018 = 0000002f
=== 2026-09-24T18:08:41-05:00 seq=cmds up=up 0 minute ===
18:08:41.760775713 CMD pr32 0x8018
18:08:41.786795153 RES pr32 0x8018 = 0000002f
=== 2026-09-24T18:08:41-05:00 seq=cmds up=up 0 minute ===
18:08:41.794986410 CMD pr32 0x8018
18:08:41.812061519 RES pr32 0x8018 = 0000002f
=== 2026-09-24T18:08:41-05:00 seq=cmds up=up 0 minute ===
18:08:41.818924629 CMD pr32 0x8018
18:08:41.834588000 RES pr32 0x8018 = 0000002f
=== 2026-09-24T18:08:41-05:00 seq=cmds up=up 0 minute ===
18:08:41.840708857 CMD pr32 0x8018
18:08:41.866599283 RES pr32 0x8018 = 0000002f
=== 2026-09-24T18:08:41-05:00 seq=cmds up=up 0 minute ===
18:08:41.875352652 CMD pr32 0x8018
18:08:41.890420902 RES pr32 0x8018 = 0000002f
=== 2026-09-24T18:08:41-05:00 seq=cmds up=up 0 minute ===
18:08:41.898362770 CMD pr32 0x8018
18:08:41.914306903 RES pr32 0x8018 = 0000002f
=== 2026-09-24T18:08:41-05:00 seq=cmds up=up 0 minute ===
18:08:41.921378761 CMD pr32 0x8018
18:08:41.941859211 RES pr32 0x8018 = 0000002f
=== 2026-09-24T18:08:41-05:00 seq=cmds up=up 0 minute ===
18:08:41.950182167 CMD pr32 0x8018
18:08:41.966400519 RES pr32 0x8018 = 0000002f
=== 2026-09-24T18:08:41-05:00 seq=cmds up=up 0 minute ===
18:08:41.973522917 CMD pr32 0x8018
18:08:41.988111306 RES pr32 0x8018 = 0000002f
=== 2026-09-24T18:08:41-05:00 seq=cmds up=up 0 minute ===
18:08:41.994643282 CMD pr32 0x8018
18:08:42.010482611 RES pr32 0x8018 = 0000002f
=== 2026-09-24T18:08:42-05:00 seq=cmds up=up 0 minute ===
18:08:42.016643909 CMD pr32 0x8018
18:08:42.032265369 RES pr32 0x8018 = 0000002f
=== 2026-09-24T18:08:42-05:00 seq=cmds up=up 0 minute ===
18:08:42.039777777 CMD pr32 0x8018
18:08:42.060266251 RES pr32 0x8018 = 0000002f
=== 2026-09-24T18:08:42-05:00 seq=cmds up=up 0 minute ===
18:08:42.068688270 CMD pr32 0x8018
18:08:42.089608815 RES pr32 0x8018 = 0000002f
=== 2026-09-24T18:08:42-05:00 seq=cmds up=up 0 minute ===
18:08:42.096966918 CMD pr32 0x8018
18:08:42.112680785 RES pr32 0x8018 = 0000002f
=== 2026-09-24T18:08:42-05:00 seq=cmds up=up 0 minute ===
18:08:42.124456608 CMD pw32 0xd2cc 3
18:08:42.141190555 RES pw32 0xd2cc <= 00000003
=== 2026-09-24T18:08:42-05:00 seq=cmds up=up 0 minute ===
18:08:42.150026372 CMD pr32 0xd2cc
18:08:42.164720242 RES pr32 0xd2cc = 00000000
=== 2026-09-24T18:08:42-05:00 seq=cmds up=up 0 minute ===
18:08:42.172109064 CMD pr32 0xd2cc
18:08:42.187755668 RES pr32 0xd2cc = 00000000
=== 2026-09-24T18:08:42-05:00 seq=cmds up=up 0 minute ===
18:08:42.194589504 CMD pr32 0xd2cc
18:08:42.211928349 RES pr32 0xd2cc = 00000000
=== 2026-09-24T18:08:42-05:00 seq=cmds up=up 0 minute ===
18:08:42.219414146 CMD pr32 0xd2cc
18:08:42.239219354 RES pr32 0xd2cc = 00000000
=== 2026-09-24T18:08:42-05:00 seq=cmds up=up 0 minute ===
18:08:42.246029805 CMD pr32 0xd2cc
18:08:42.260067984 RES pr32 0xd2cc = 00000000
=== 2026-09-24T18:08:42-05:00 seq=cmds up=up 0 minute ===
18:08:42.268071972 CMD pr32 0xd2cc
18:08:42.282262026 RES pr32 0xd2cc = 00000000
=== 2026-09-24T18:08:42-05:00 seq=cmds up=up 0 minute ===
18:08:42.288642963 CMD pr32 0xd2cc
18:08:42.302252089 RES pr32 0xd2cc = 00000000
=== 2026-09-24T18:08:42-05:00 seq=cmds up=up 0 minute ===
18:08:42.308947671 CMD pr32 0xd2cc
18:08:42.326813130 RES pr32 0xd2cc = 00000000
=== 2026-09-24T18:08:42-05:00 seq=cmds up=up 0 minute ===
18:08:42.334876124 CMD pr32 0xd2cc
18:08:42.351822711 RES pr32 0xd2cc = 00000000
=== 2026-09-24T18:08:42-05:00 seq=cmds up=up 0 minute ===
18:08:42.357894662 CMD pr32 0xd2cc
18:08:42.378247396 RES pr32 0xd2cc = 00000000
=== 2026-09-24T18:08:42-05:00 seq=cmds up=up 0 minute ===
18:08:42.385162617 CMD pr32 0xd2cc
18:08:42.404826637 RES pr32 0xd2cc = 00000000
=== 2026-09-24T18:08:42-05:00 seq=cmds up=up 0 minute ===
18:08:42.413202851 CMD pr32 0xd2cc
18:08:42.433987824 RES pr32 0xd2cc = 00000000
=== 2026-09-24T18:08:42-05:00 seq=cmds up=up 0 minute ===
18:08:42.441365624 CMD pr32 0xd2cc
18:08:42.461703732 RES pr32 0xd2cc = 00000000
=== 2026-09-24T18:08:42-05:00 seq=cmds up=up 0 minute ===
18:08:42.469149633 CMD pr32 0xd2cc
18:08:42.488641831 RES pr32 0xd2cc = 00000000
=== 2026-09-24T18:08:42-05:00 seq=cmds up=up 0 minute ===
18:08:42.496008903 CMD pr32 0xd2cc
18:08:42.519418482 RES pr32 0xd2cc = 00000000
=== 2026-09-24T18:08:42-05:00 seq=cmds up=up 0 minute ===
18:08:42.526550325 CMD pr32 0xd2cc
18:08:42.550986271 RES pr32 0xd2cc = 00000000
=== 2026-09-24T18:08:42-05:00 seq=cmds up=up 0 minute ===
18:08:42.559497973 CMD pr32 0xd2cc
18:08:42.578184450 RES pr32 0xd2cc = 00000000
=== 2026-09-24T18:08:42-05:00 seq=cmds up=up 0 minute ===
18:08:42.585611199 CMD pr32 0xd2cc
18:08:42.602362914 RES pr32 0xd2cc = 00000000
=== 2026-09-24T18:08:42-05:00 seq=cmds up=up 0 minute ===
18:08:42.610651624 CMD pr32 0xd2cc
18:08:42.629539761 RES pr32 0xd2cc = 00000000
=== 2026-09-24T18:08:42-05:00 seq=cmds up=up 0 minute ===
18:08:42.638049787 CMD pr32 0xd2cc
18:08:42.661704067 RES pr32 0xd2cc = 00000000
=== 2026-09-24T18:08:42-05:00 seq=cmds up=up 0 minute ===
18:08:42.669289269 CMD pr32 0xd2cc
18:08:42.682676032 RES pr32 0xd2cc = 00000000
=== 2026-09-24T18:08:42-05:00 seq=cmds up=up 0 minute ===
18:08:42.690246986 CMD pr32 0xd2cc
18:08:42.710246563 RES pr32 0xd2cc = 00000000
=== 2026-09-24T18:08:42-05:00 seq=cmds up=up 0 minute ===
18:08:42.717548091 CMD pr32 0xd2cc
18:08:42.739986665 RES pr32 0xd2cc = 00000000
=== 2026-09-24T18:08:42-05:00 seq=cmds up=up 0 minute ===
18:08:42.746984486 CMD pr32 0xd2cc
18:08:42.762270557 RES pr32 0xd2cc = 00000000
=== 2026-09-24T18:08:42-05:00 seq=cmds up=up 0 minute ===
18:08:42.770229200 CMD pr32 0xd2cc
18:08:42.787199339 RES pr32 0xd2cc = 00000000
=== 2026-09-24T18:08:42-05:00 seq=cmds up=up 0 minute ===
18:08:42.793950072 CMD pr32 0xd2cc
18:08:42.810470665 RES pr32 0xd2cc = 00000000
=== 2026-09-24T18:08:42-05:00 seq=cmds up=up 0 minute ===
18:08:42.818589564 CMD pr32 0xd2cc
18:08:42.835640795 RES pr32 0xd2cc = 00000000
=== 2026-09-24T18:08:42-05:00 seq=cmds up=up 0 minute ===
18:08:42.843217365 CMD pr32 0xd2cc
18:08:42.857372341 RES pr32 0xd2cc = 00000000
=== 2026-09-24T18:08:42-05:00 seq=cmds up=up 0 minute ===
18:08:42.863873261 CMD pr32 0xd2cc
18:08:42.884769289 RES pr32 0xd2cc = 00000000
=== 2026-09-24T18:08:42-05:00 seq=cmds up=up 0 minute ===
18:08:42.892082174 CMD pr32 0xd2cc
18:08:42.915312472 RES pr32 0xd2cc = 00000000
=== 2026-09-24T18:08:42-05:00 seq=cmds up=up 0 minute ===
18:08:42.922418877 CMD pr32 0xd2cc
18:08:42.949301363 RES pr32 0xd2cc = 00000000
=== 2026-09-24T18:08:42-05:00 seq=cmds up=up 0 minute ===
18:08:42.957552021 CMD pr32 0xd2cc
18:08:42.972494112 RES pr32 0xd2cc = 00000000
=== 2026-09-24T18:08:42-05:00 seq=cmds up=up 0 minute ===
18:08:42.981536786 CMD pr32 0xd2cc
18:08:43.002551784 RES pr32 0xd2cc = 00000000
=== 2026-09-24T18:08:43-05:00 seq=cmds up=up 0 minute ===
18:08:43.011277722 CMD pr32 0xd2cc
18:08:43.025240011 RES pr32 0xd2cc = 00000000
=== 2026-09-24T18:08:43-05:00 seq=cmds up=up 0 minute ===
18:08:43.034507554 CMD pr32 0xd2cc
18:08:43.049723788 RES pr32 0xd2cc = 00000000
=== 2026-09-24T18:08:43-05:00 seq=cmds up=up 0 minute ===
18:08:43.055559660 CMD pr32 0xd2cc
18:08:43.068556249 RES pr32 0xd2cc = 00000000
=== 2026-09-24T18:08:43-05:00 seq=cmds up=up 0 minute ===
18:08:43.077357986 CMD pr32 0xd2cc
18:08:43.092909493 RES pr32 0xd2cc = 00000000
=== 2026-09-24T18:08:43-05:00 seq=cmds up=up 0 minute ===
18:08:43.101261379 CMD pr32 0xd2cc
18:08:43.119203226 RES pr32 0xd2cc = 00000000
=== 2026-09-24T18:08:43-05:00 seq=cmds up=up 0 minute ===
18:08:43.127426548 CMD pr32 0xd2cc
18:08:43.144179401 RES pr32 0xd2cc = 00000000
=== 2026-09-24T18:08:43-05:00 seq=cmds up=up 0 minute ===
18:08:43.152761615 CMD pr32 0xd2cc
18:08:43.166033173 RES pr32 0xd2cc = 00000000
=== 2026-09-24T18:08:43-05:00 seq=cmds up=up 0 minute ===
18:08:43.172786670 CMD pr32 0xd2cc
18:08:43.191758499 RES pr32 0xd2cc = 00000000
=== 2026-09-24T18:08:43-05:00 seq=cmds up=up 0 minute ===
18:08:43.200347958 CMD pr32 0xd2cc
18:08:43.214354470 RES pr32 0xd2cc = 00000000
=== 2026-09-24T18:08:43-05:00 seq=cmds up=up 0 minute ===
18:08:43.222269949 CMD pr32 0xd2cc
18:08:43.241967477 RES pr32 0xd2cc = 00000000
=== 2026-09-24T18:08:43-05:00 seq=cmds up=up 0 minute ===
18:08:43.248799872 CMD pr32 0xd2cc
18:08:43.263449668 RES pr32 0xd2cc = 00000000
=== 2026-09-24T18:08:43-05:00 seq=cmds up=up 0 minute ===
18:08:43.272678809 CMD pr32 0xd2cc
18:08:43.291325332 RES pr32 0xd2cc = 00000000
=== 2026-09-24T18:08:43-05:00 seq=cmds up=up 0 minute ===
18:08:43.297909894 CMD pr32 0xd2cc
18:08:43.317722252 RES pr32 0xd2cc = 00000000
=== 2026-09-24T18:08:43-05:00 seq=cmds up=up 0 minute ===
18:08:43.325733840 CMD pr32 0xd2cc
18:08:43.342217503 RES pr32 0xd2cc = 00000000
=== 2026-09-24T18:08:43-05:00 seq=cmds up=up 0 minute ===
18:08:43.348807594 CMD pr32 0xd2cc
18:08:43.365663885 RES pr32 0xd2cc = 00000000
=== 2026-09-24T18:08:43-05:00 seq=cmds up=up 0 minute ===
18:08:43.372135796 CMD pr32 0xd2cc
18:08:43.388649780 RES pr32 0xd2cc = 00000000
=== 2026-09-24T18:08:43-05:00 seq=cmds up=up 0 minute ===
18:08:43.395974531 CMD pr32 0xd2cc
18:08:43.415567658 RES pr32 0xd2cc = 00000000
=== 2026-09-24T18:08:43-05:00 seq=cmds up=up 0 minute ===
18:08:43.425320229 CMD pw32 0xd3cc 0
18:08:43.443546509 RES pw32 0xd3cc <= 00000000
=== 2026-09-24T18:08:43-05:00 seq=cmds up=up 0 minute ===
18:08:43.449932529 CMD pr32 0xd3cc
18:08:43.464200065 RES pr32 0xd3cc = 00000000
=== 2026-09-24T18:08:43-05:00 seq=cmds up=up 0 minute ===
18:08:43.473412330 CMD pw32 0xd2cc 0
18:08:43.492770481 RES pw32 0xd2cc <= 00000000
=== 2026-09-24T18:08:43-05:00 seq=cmds up=up 0 minute ===
18:08:43.499986811 CMD pr32 0xd2cc
18:08:43.523610922 RES pr32 0xd2cc = 00000000
=== 2026-09-24T18:08:43-05:00 seq=cmds up=up 0 minute ===
18:08:43.534620370 CMD r32 0x1400048
18:08:43.559460108 RES r32 0x1400048 = 0000002a
