== item1 first read 2026-10-03T06:23:26.643Z up 29.31
ST=/ane_stats
ls: cannot access '/ane_stats': No such file or directory
-- as nobody:
cat: /ane_stats: No such file or directory
rc=1
-- debugfs (root):
ls: cannot access '/sys/kernel/debug/ane_t6021/': No such file or directory
cat: /sys/kernel/debug/ane_t6021/ane_timeline: No such file or directory
timeline lines: 0
-- ane_pg_state x3 (1 s apart):
  06:23:26 absent
  06:23:27 absent
  06:23:28 absent
== identity
== state boot 2026-10-03T06:23:29.715Z
boot_id 3dd94b03-a21e-435a-81a0-57006644f143 uname 7.1.13-3-1-ARCH up 32.38
module 0.4.2-main-5a457a3 59494CBC56F28ED8D1122C6 4f6c939b4a8ea678
stats Y
dyn_pg Y
boot_prevent_nap N
call_settle_us 1000
bo_total_bytes 0
trace_td N
oneshot-file: none
/var/tmp/v042gate/bin/common.sh: line 55: /ane_stats: No such file or directory
ane_stats: absent
ane_pg_state: absent
runtime_status: active
load 0.58 0.16 0.05 psi some avg10=0.03 avg60=0.05 avg300=0.01 total=108408
esp 62ba301084714634
dmesg_bad 2 dmesg_lines 1141
no ane-run
BOOT_IMAGE=/vmlinuz-linux-asahi root=UUID=4f4d5801-524f-4f54-8000-000000000001 rw rootflags=subvol=@ zswap.enabled=0 rootfstype=btrfs quiet loglevel=3 splash
system running failed_units 0
module file /lib/modules/7.1.13-3-1-ARCH/updates/ane_t6021.ko 4f6c939b4a8ea6780a0edb565e9e0542806596a90580174d55d97ad662c08cb6
modinfo license lines: 1 [Dual MIT/GPL|]
modinfo description lines: 1 [Apple Neural Engine (T6021/M2) installed module|]
loaded: ane_t6021 98304 2;
bound: unbound
ls: cannot access '/dev/accel/': No such file or directory
-- genpd (ane):
ane_set4                        on                              0
ane_set3                        on                              0
ane_set2                        on                              0
ane_set1                        on                              0
ane_base                        on                              0
ane_td                          on                              0
ane_sys_mpm                     on                              0
ane_cpu                         on                              0
ane_sys                         on                              0
== dmesg ane lines at default log level (9 lines), by level:
  err 2
  info 5
  warn 2
ANERD|ANEWR|ps probe in full dmesg: 0
BOOT-PHASE lines: 1
BAD: 2
-- every ane line (chman[i] rows folded):
kern  :info  : [    0.072094] platform 284000000.ane: Adding to iommu group 0
kern  :warn  : [    3.149847] ane_t6021: loading out-of-tree module taints kernel.
kern  :warn  : [    4.417394] ane_t6021 284000000.ane: boot: module PINNED until reboot (started CPU; wedged-pin)
kern  :info  : [    4.417398] ane_t6021 284000000.ane: boot: run returned 0 (booted=1 fw_alive=1) \xe2\x80\x94 DONE observed \xe2\x80\x94 handshake complete; scratch_result=00000000ff7a0000 (raw device address, semantics UNSOURCED \xe2\x80\
kern  :info  : [    4.417402] ane_t6021 284000000.ane: BOOT-PHASE sequence returned 0000000000000000 (cpu_started=1 fw_alive=1 booted=1) CPU_STATUS=0x2c
kern  :info  : [    4.417407] ane_t6021 284000000.ane: chman: table VALIDATED (mismatch mask 0x0)
kern  :info  : [    7.417408] ane_t6021 284000000.ane: LEGACY timeout ch=1 io=00000000fbffc000
kern  :err   : [    7.417417] ane_t6021 284000000.ane: install: CONFIG_GET failed (-110) \xe2\x80\x94 refusing to register DRM device (ioctls would run on an unproven ring)
kern  :err   : [    7.417420] ane_t6021 284000000.ane: probe with driver ane_t6021 failed with error -110
  chman[i] rows: 0
== omarchy-ane-check (candidate tree)
omarchy-ane-check: kernel 7.1.13-3-1-ARCH
  dtbs_source=overlay
  driver_source=dkms (ane_t6021: //lib/modules/7.1.13-3-1-ARCH/updates/ane_t6021.ko)
  ok    ANE firmware: /usr/lib/firmware/apple/ane/t602x_ane0_fw_selene_rc4x.macho matches the pin
  ok    ANE device-tree node: apple,t6021-ane (DTB has node: omarchy-ane overlay)
  ok    ane_t6021.ko built for 7.1.13-3-1-ARCH: //lib/modules/7.1.13-3-1-ARCH/updates/ane_t6021.ko (version 0.4.2-main-5a457a3)
  ok    ane_t6021 is loaded (version 0.4.2-main-5a457a3)
  FAIL  ane_t6021 is bound to no device. Read the reason with: journalctl -k -g ane_t6021
  FAIL  no /dev/accel node from ane_t6021
omarchy-ane-check: FAILED
check rc=1
== boot.sh done /var/tmp/v042gate/runs/boot-C1-20261003T062326Z
