== state start 2026-10-02T10:35:42.721Z
boot_id 9bb646d3-9c5a-47e4-b3a1-16ebeef33fcf uname 7.1.13-3-1-ARCH up 2355.86
module 90b800c 4FE12EFABEDAACF4DF38AA8 584e7ac2b06069b5
trace_td N
fw_perf_mode N
call_settle_us 1000
bo_total_bytes 614907904
load 0.01 0.04 0.02 psi some avg10=0.00 avg60=0.00 avg300=0.00 total=1565486
esp 62ba301084714634
dmesg_bad 0 dmesg_lines 1308
no ane-run
cat: /sys/devices/system/cpu/cpu/cpu0/cpufreq/scaling_min_freq: No such file or directory
cat: /sys/devices/system/cpu/cpu/cpu0/cpufreq/scaling_max_freq: No such file or directory
cat: /sys/devices/system/cpu/cpu/cpu0/cpufreq/scaling_governor: No such file or directory
policy0 min  max  gov 
cat: /sys/devices/system/cpu/cpu/cpu4/cpufreq/scaling_min_freq: No such file or directory
cat: /sys/devices/system/cpu/cpu/cpu4/cpufreq/scaling_max_freq: No such file or directory
cat: /sys/devices/system/cpu/cpu/cpu4/cpufreq/scaling_governor: No such file or directory
policy4 min  max  gov 
cat: /sys/devices/system/cpu/cpu/cpu8/cpufreq/scaling_min_freq: No such file or directory
cat: /sys/devices/system/cpu/cpu/cpu8/cpufreq/scaling_max_freq: No such file or directory
cat: /sys/devices/system/cpu/cpu/cpu8/cpufreq/scaling_governor: No such file or directory
policy8 min  max  gov 
/var/tmp/gapwin/bin/s2_sweep.sh: line 22: /sys/devices/system/cpu/cpu/cpu0/cpufreq/scaling_max_freq: No such file or directory
/var/tmp/gapwin/bin/s2_sweep.sh: line 22: /sys/devices/system/cpu/cpu/cpu0/cpufreq/scaling_min_freq: No such file or directory
/var/tmp/gapwin/bin/s2_sweep.sh: line 23: /sys/devices/system/cpu/cpu/cpu4/cpufreq/scaling_max_freq: No such file or directory
/var/tmp/gapwin/bin/s2_sweep.sh: line 23: /sys/devices/system/cpu/cpu/cpu4/cpufreq/scaling_min_freq: No such file or directory
/var/tmp/gapwin/bin/s2_sweep.sh: line 23: /sys/devices/system/cpu/cpu/cpu8/cpufreq/scaling_max_freq: No such file or directory
/var/tmp/gapwin/bin/s2_sweep.sh: line 23: /sys/devices/system/cpu/cpu/cpu8/cpufreq/scaling_min_freq: No such file or directory
== point 1 P=702000 E=912000 10:35:42 pinned
1	254.305	254.399	0.01 0.00 0	golden max_abs=0 relL2=0 exact=1
2	254.283	254.383	0.17 0.00 0	golden max_abs=0 relL2=0 exact=1
3	254.271	254.391	0.17 0.00 0	golden max_abs=0 relL2=0 exact=1
/var/tmp/gapwin/bin/s2_sweep.sh: line 22: /sys/devices/system/cpu/cpu/cpu0/cpufreq/scaling_max_freq: No such file or directory
/var/tmp/gapwin/bin/s2_sweep.sh: line 22: /sys/devices/system/cpu/cpu/cpu0/cpufreq/scaling_min_freq: No such file or directory
/var/tmp/gapwin/bin/s2_sweep.sh: line 23: /sys/devices/system/cpu/cpu/cpu4/cpufreq/scaling_max_freq: No such file or directory
/var/tmp/gapwin/bin/s2_sweep.sh: line 23: /sys/devices/system/cpu/cpu/cpu4/cpufreq/scaling_min_freq: No such file or directory
/var/tmp/gapwin/bin/s2_sweep.sh: line 23: /sys/devices/system/cpu/cpu/cpu8/cpufreq/scaling_max_freq: No such file or directory
/var/tmp/gapwin/bin/s2_sweep.sh: line 23: /sys/devices/system/cpu/cpu/cpu8/cpufreq/scaling_min_freq: No such file or directory
== point 2 P=948000 E=912000 10:36:27 pinned
1	254.279	254.408	0.14 0.00 0	golden max_abs=0 relL2=0 exact=1
2	254.289	254.428	0.21 0.00 0	golden max_abs=0 relL2=0 exact=1
3	254.275	254.408	0.19 0.00 0	golden max_abs=0 relL2=0 exact=1
/var/tmp/gapwin/bin/s2_sweep.sh: line 22: /sys/devices/system/cpu/cpu/cpu0/cpufreq/scaling_max_freq: No such file or directory
/var/tmp/gapwin/bin/s2_sweep.sh: line 22: /sys/devices/system/cpu/cpu/cpu0/cpufreq/scaling_min_freq: No such file or directory
/var/tmp/gapwin/bin/s2_sweep.sh: line 23: /sys/devices/system/cpu/cpu/cpu4/cpufreq/scaling_max_freq: No such file or directory
/var/tmp/gapwin/bin/s2_sweep.sh: line 23: /sys/devices/system/cpu/cpu/cpu4/cpufreq/scaling_min_freq: No such file or directory
/var/tmp/gapwin/bin/s2_sweep.sh: line 23: /sys/devices/system/cpu/cpu/cpu8/cpufreq/scaling_max_freq: No such file or directory
/var/tmp/gapwin/bin/s2_sweep.sh: line 23: /sys/devices/system/cpu/cpu/cpu8/cpufreq/scaling_min_freq: No such file or directory
== point 3 P=1452000 E=1284000 10:37:12 pinned
1	254.332	254.404	0.15 0.00 0	golden max_abs=0 relL2=0 exact=1
2	254.298	254.436	0.22 0.00 0	golden max_abs=0 relL2=0 exact=1
3	254.304	254.409	0.29 0.00 0	golden max_abs=0 relL2=0 exact=1
/var/tmp/gapwin/bin/s2_sweep.sh: line 22: /sys/devices/system/cpu/cpu/cpu0/cpufreq/scaling_max_freq: No such file or directory
/var/tmp/gapwin/bin/s2_sweep.sh: line 22: /sys/devices/system/cpu/cpu/cpu0/cpufreq/scaling_min_freq: No such file or directory
/var/tmp/gapwin/bin/s2_sweep.sh: line 23: /sys/devices/system/cpu/cpu/cpu4/cpufreq/scaling_max_freq: No such file or directory
/var/tmp/gapwin/bin/s2_sweep.sh: line 23: /sys/devices/system/cpu/cpu/cpu4/cpufreq/scaling_min_freq: No such file or directory
/var/tmp/gapwin/bin/s2_sweep.sh: line 23: /sys/devices/system/cpu/cpu/cpu8/cpufreq/scaling_max_freq: No such file or directory
/var/tmp/gapwin/bin/s2_sweep.sh: line 23: /sys/devices/system/cpu/cpu/cpu8/cpufreq/scaling_min_freq: No such file or directory
== point 4 P=1968000 E=2004000 10:37:57 pinned
1	254.298	254.414	0.21 0.00 0	golden max_abs=0 relL2=0 exact=1
2	254.300	254.443	0.43 0.00 0	golden max_abs=0 relL2=0 exact=1
3	254.282	254.414	0.47 0.00 10	golden max_abs=0 relL2=0 exact=1
/var/tmp/gapwin/bin/s2_sweep.sh: line 22: /sys/devices/system/cpu/cpu/cpu0/cpufreq/scaling_max_freq: No such file or directory
/var/tmp/gapwin/bin/s2_sweep.sh: line 22: /sys/devices/system/cpu/cpu/cpu0/cpufreq/scaling_min_freq: No such file or directory
/var/tmp/gapwin/bin/s2_sweep.sh: line 23: /sys/devices/system/cpu/cpu/cpu4/cpufreq/scaling_max_freq: No such file or directory
/var/tmp/gapwin/bin/s2_sweep.sh: line 23: /sys/devices/system/cpu/cpu/cpu4/cpufreq/scaling_min_freq: No such file or directory
/var/tmp/gapwin/bin/s2_sweep.sh: line 23: /sys/devices/system/cpu/cpu/cpu8/cpufreq/scaling_max_freq: No such file or directory
/var/tmp/gapwin/bin/s2_sweep.sh: line 23: /sys/devices/system/cpu/cpu/cpu8/cpufreq/scaling_min_freq: No such file or directory
== point 5 P=2400000 E=2424000 10:38:42 pinned
1	254.316	254.414	0.37 0.00 0	golden max_abs=0 relL2=0 exact=1
2	254.294	254.454	0.42 0.00 0	golden max_abs=0 relL2=0 exact=1
3	254.345	254.407	0.46 0.00 0	golden max_abs=0 relL2=0 exact=1
/var/tmp/gapwin/bin/s2_sweep.sh: line 22: /sys/devices/system/cpu/cpu/cpu0/cpufreq/scaling_max_freq: No such file or directory
/var/tmp/gapwin/bin/s2_sweep.sh: line 22: /sys/devices/system/cpu/cpu/cpu0/cpufreq/scaling_min_freq: No such file or directory
/var/tmp/gapwin/bin/s2_sweep.sh: line 23: /sys/devices/system/cpu/cpu/cpu4/cpufreq/scaling_max_freq: No such file or directory
/var/tmp/gapwin/bin/s2_sweep.sh: line 23: /sys/devices/system/cpu/cpu/cpu4/cpufreq/scaling_min_freq: No such file or directory
/var/tmp/gapwin/bin/s2_sweep.sh: line 23: /sys/devices/system/cpu/cpu/cpu8/cpufreq/scaling_max_freq: No such file or directory
/var/tmp/gapwin/bin/s2_sweep.sh: line 23: /sys/devices/system/cpu/cpu/cpu8/cpufreq/scaling_min_freq: No such file or directory
== point 6 P=3000000 E=2424000 10:39:27 pinned
1	254.280	254.392	0.36 0.00 0	golden max_abs=0 relL2=0 exact=1
2	254.286	254.420	0.41 0.00 0	golden max_abs=0 relL2=0 exact=1
3	254.303	254.419	0.46 0.00 0	golden max_abs=0 relL2=0 exact=1
/var/tmp/gapwin/bin/s2_sweep.sh: line 22: /sys/devices/system/cpu/cpu/cpu0/cpufreq/scaling_max_freq: No such file or directory
/var/tmp/gapwin/bin/s2_sweep.sh: line 22: /sys/devices/system/cpu/cpu/cpu0/cpufreq/scaling_min_freq: No such file or directory
/var/tmp/gapwin/bin/s2_sweep.sh: line 23: /sys/devices/system/cpu/cpu/cpu4/cpufreq/scaling_max_freq: No such file or directory
/var/tmp/gapwin/bin/s2_sweep.sh: line 23: /sys/devices/system/cpu/cpu/cpu4/cpufreq/scaling_min_freq: No such file or directory
/var/tmp/gapwin/bin/s2_sweep.sh: line 23: /sys/devices/system/cpu/cpu/cpu8/cpufreq/scaling_max_freq: No such file or directory
/var/tmp/gapwin/bin/s2_sweep.sh: line 23: /sys/devices/system/cpu/cpu/cpu8/cpufreq/scaling_min_freq: No such file or directory
== point 7 P=3264000 E=2424000 10:40:12 pinned
1	254.279	254.373	0.30 0.00 0	golden max_abs=0 relL2=0 exact=1
2	254.255	254.415	0.36 0.00 0	golden max_abs=0 relL2=0 exact=1
3	254.278	254.382	0.41 0.00 0	golden max_abs=0 relL2=0 exact=1
== restore 10:40:57
/var/tmp/gapwin/bin/s2_sweep.sh: line 52: /sys/devices/system/cpu/cpu/cpu0/cpufreq/scaling_max_freq: No such file or directory
/var/tmp/gapwin/bin/s2_sweep.sh: line 53: /sys/devices/system/cpu/cpu/cpu0/cpufreq/scaling_min_freq: No such file or directory
/var/tmp/gapwin/bin/s2_sweep.sh: line 52: /sys/devices/system/cpu/cpu/cpu4/cpufreq/scaling_max_freq: No such file or directory
/var/tmp/gapwin/bin/s2_sweep.sh: line 53: /sys/devices/system/cpu/cpu/cpu4/cpufreq/scaling_min_freq: No such file or directory
/var/tmp/gapwin/bin/s2_sweep.sh: line 52: /sys/devices/system/cpu/cpu/cpu8/cpufreq/scaling_max_freq: No such file or directory
/var/tmp/gapwin/bin/s2_sweep.sh: line 53: /sys/devices/system/cpu/cpu/cpu8/cpufreq/scaling_min_freq: No such file or directory
cat: /sys/devices/system/cpu/cpu/cpu0/cpufreq/scaling_min_freq: No such file or directory
cat: /sys/devices/system/cpu/cpu/cpu0/cpufreq/scaling_max_freq: No such file or directory
policy0 min  max 
cat: /sys/devices/system/cpu/cpu/cpu4/cpufreq/scaling_min_freq: No such file or directory
cat: /sys/devices/system/cpu/cpu/cpu4/cpufreq/scaling_max_freq: No such file or directory
policy4 min  max 
cat: /sys/devices/system/cpu/cpu/cpu8/cpufreq/scaling_min_freq: No such file or directory
cat: /sys/devices/system/cpu/cpu/cpu8/cpufreq/scaling_max_freq: No such file or directory
policy8 min  max 
== ane_boost evidence 10:40:57
0
no boost param
no boost sysfs param
ane.ko (H13, owns ane_boost) not loaded
== state end 2026-10-02T10:40:57.034Z
boot_id 9bb646d3-9c5a-47e4-b3a1-16ebeef33fcf uname 7.1.13-3-1-ARCH up 2670.18
module 90b800c 4FE12EFABEDAACF4DF38AA8 584e7ac2b06069b5
trace_td N
fw_perf_mode N
call_settle_us 1000
bo_total_bytes 615104512
load 0.39 0.27 0.12 psi some avg10=0.00 avg60=0.00 avg300=0.00 total=1889269
esp 62ba301084714634
dmesg_bad 0 dmesg_lines 1323
no ane-run
dmesg new 15 non-UFW 0
== s2 done /var/tmp/gapwin/runs/s2-20261002T103542Z
